OpenJDK 64-Bit Server VM (25.292-b10) for bsd-amd64 JRE (1.8.0_292-b10), built on Apr 20 2021 21:55:04 by "jenkins" with gcc 4.2.1 Compatible Apple LLVM 10.0.1 (clang-1001.0.46.4)
Memory: 4k page, physical 33554432k(628608k free)

/proc/meminfo:

CommandLine flags: -XX:InitialHeapSize=536870912 -XX:MaxHeapSize=536870912 -XX:MaxNewSize=178958336 -XX:MaxTenuringThreshold=6 -XX:NewSize=178958336 -XX:OldPLABSize=16 -XX:OldSize=357912576 -XX:+PrintGC -XX:+PrintGCDateStamps -XX:+PrintGCDetails -XX:+PrintGCTimeStamps -XX:+UseCompressedClassPointers -XX:+UseCompressedOops -XX:+UseConcMarkSweepGC -XX:+UseParNewGC 
2021-07-04T12:08:52.103+0800: 0.152: [GC (Allocation Failure) 2021-07-04T12:08:52.104+0800: 0.152: [ParNew: 139776K->17471K(157248K), 0.0136422 secs] 139776K->40941K(506816K), 0.0138134 secs] [Times: user=0.02 sys=0.07, real=0.01 secs] 
2021-07-04T12:08:52.130+0800: 0.179: [GC (Allocation Failure) 2021-07-04T12:08:52.130+0800: 0.179: [ParNew: 157247K->17467K(157248K), 0.0193193 secs] 180717K->87733K(506816K), 0.0194528 secs] [Times: user=0.03 sys=0.09, real=0.02 secs] 
2021-07-04T12:08:52.163+0800: 0.212: [GC (Allocation Failure) 2021-07-04T12:08:52.163+0800: 0.212: [ParNew: 157093K->17472K(157248K), 0.0232384 secs] 227358K->132993K(506816K), 0.0233366 secs] [Times: user=0.17 sys=0.01, real=0.02 secs] 
2021-07-04T12:08:52.198+0800: 0.246: [GC (Allocation Failure) 2021-07-04T12:08:52.198+0800: 0.246: [ParNew: 157248K->17472K(157248K), 0.0224270 secs] 272769K->175118K(506816K), 0.0225232 secs] [Times: user=0.16 sys=0.01, real=0.03 secs] 
2021-07-04T12:08:52.233+0800: 0.282: [GC (Allocation Failure) 2021-07-04T12:08:52.233+0800: 0.282: [ParNew: 157248K->17471K(157248K), 0.0249070 secs] 314894K->222100K(506816K), 0.0250078 secs] [Times: user=0.17 sys=0.02, real=0.02 secs] 
2021-07-04T12:08:52.258+0800: 0.307: [GC (CMS Initial Mark) [1 CMS-initial-mark: 204629K(349568K)] 222891K(506816K), 0.0003629 secs] [Times: user=0.00 sys=0.00, real=0.00 secs] 
2021-07-04T12:08:52.259+0800: 0.307: [CMS-concurrent-mark-start]
2021-07-04T12:08:52.260+0800: 0.309: [CMS-concurrent-mark: 0.002/0.002 secs] [Times: user=0.01 sys=0.00, real=0.01 secs] 
2021-07-04T12:08:52.260+0800: 0.309: [CMS-concurrent-preclean-start]
2021-07-04T12:08:52.261+0800: 0.309: [CMS-concurrent-preclean: 0.000/0.000 secs] [Times: user=0.00 sys=0.00, real=0.00 secs] 
2021-07-04T12:08:52.261+0800: 0.309: [CMS-concurrent-abortable-preclean-start]
2021-07-04T12:08:52.270+0800: 0.319: [GC (Allocation Failure) 2021-07-04T12:08:52.270+0800: 0.319: [ParNew: 157247K->17472K(157248K), 0.0213347 secs] 361876K->262686K(506816K), 0.0214584 secs] [Times: user=0.15 sys=0.01, real=0.02 secs] 
2021-07-04T12:08:52.303+0800: 0.352: [GC (Allocation Failure) 2021-07-04T12:08:52.303+0800: 0.352: [ParNew: 157248K->17471K(157248K), 0.0256190 secs] 402462K->310921K(506816K), 0.0257510 secs] [Times: user=0.18 sys=0.02, real=0.02 secs] 
2021-07-04T12:08:52.339+0800: 0.388: [GC (Allocation Failure) 2021-07-04T12:08:52.339+0800: 0.388: [ParNew: 157168K->17466K(157248K), 0.0250655 secs] 450619K->357418K(506816K), 0.0252374 secs] [Times: user=0.19 sys=0.01, real=0.03 secs] 
2021-07-04T12:08:52.365+0800: 0.413: [CMS-concurrent-abortable-preclean: 0.002/0.104 secs] [Times: user=0.57 sys=0.04, real=0.10 secs] 
2021-07-04T12:08:52.365+0800: 0.413: [GC (CMS Final Remark) [YG occupancy: 20786 K (157248 K)]2021-07-04T12:08:52.365+0800: 0.413: [Rescan (parallel) , 0.0003614 secs]2021-07-04T12:08:52.365+0800: 0.414: [weak refs processing, 0.0000484 secs]2021-07-04T12:08:52.365+0800: 0.414: [class unloading, 0.0002715 secs]2021-07-04T12:08:52.366+0800: 0.414: [scrub symbol table, 0.0002602 secs]2021-07-04T12:08:52.366+0800: 0.414: [scrub string table, 0.0000867 secs][1 CMS-remark: 339951K(349568K)] 360737K(506816K), 0.0011267 secs] [Times: user=0.00 sys=0.00, real=0.00 secs] 
2021-07-04T12:08:52.366+0800: 0.414: [CMS-concurrent-sweep-start]
2021-07-04T12:08:52.367+0800: 0.415: [CMS-concurrent-sweep: 0.001/0.001 secs] [Times: user=0.00 sys=0.00, real=0.00 secs] 
2021-07-04T12:08:52.367+0800: 0.415: [CMS-concurrent-reset-start]
2021-07-04T12:08:52.367+0800: 0.416: [CMS-concurrent-reset: 0.001/0.001 secs] [Times: user=0.00 sys=0.00, real=0.00 secs] 
2021-07-04T12:08:52.378+0800: 0.426: [GC (Allocation Failure) 2021-07-04T12:08:52.378+0800: 0.426: [ParNew: 157242K->17470K(157248K), 0.0074485 secs] 451952K->359311K(506816K), 0.0075542 secs] [Times: user=0.06 sys=0.00, real=0.01 secs] 
2021-07-04T12:08:52.386+0800: 0.434: [GC (CMS Initial Mark) [1 CMS-initial-mark: 341841K(349568K)] 362821K(506816K), 0.0002132 secs] [Times: user=0.00 sys=0.00, real=0.00 secs] 
2021-07-04T12:08:52.386+0800: 0.434: [CMS-concurrent-mark-start]
2021-07-04T12:08:52.387+0800: 0.435: [CMS-concurrent-mark: 0.001/0.001 secs] [Times: user=0.00 sys=0.00, real=0.00 secs] 
2021-07-04T12:08:52.387+0800: 0.435: [CMS-concurrent-preclean-start]
2021-07-04T12:08:52.387+0800: 0.436: [CMS-concurrent-preclean: 0.000/0.000 secs] [Times: user=0.00 sys=0.00, real=0.00 secs] 
2021-07-04T12:08:52.387+0800: 0.436: [CMS-concurrent-abortable-preclean-start]
2021-07-04T12:08:52.387+0800: 0.436: [CMS-concurrent-abortable-preclean: 0.000/0.000 secs] [Times: user=0.00 sys=0.00, real=0.00 secs] 
2021-07-04T12:08:52.387+0800: 0.436: [GC (CMS Final Remark) [YG occupancy: 36112 K (157248 K)]2021-07-04T12:08:52.387+0800: 0.436: [Rescan (parallel) , 0.0015386 secs]2021-07-04T12:08:52.389+0800: 0.437: [weak refs processing, 0.0000134 secs]2021-07-04T12:08:52.389+0800: 0.437: [class unloading, 0.0002343 secs]2021-07-04T12:08:52.389+0800: 0.438: [scrub symbol table, 0.0003005 secs]2021-07-04T12:08:52.390+0800: 0.438: [scrub string table, 0.0001425 secs][1 CMS-remark: 341841K(349568K)] 377953K(506816K), 0.0023364 secs] [Times: user=0.01 sys=0.00, real=0.01 secs] 
2021-07-04T12:08:52.390+0800: 0.438: [CMS-concurrent-sweep-start]
2021-07-04T12:08:52.390+0800: 0.439: [CMS-concurrent-sweep: 0.001/0.001 secs] [Times: user=0.00 sys=0.00, real=0.00 secs] 
2021-07-04T12:08:52.390+0800: 0.439: [CMS-concurrent-reset-start]
2021-07-04T12:08:52.391+0800: 0.439: [CMS-concurrent-reset: 0.000/0.000 secs] [Times: user=0.00 sys=0.00, real=0.00 secs] 
2021-07-04T12:08:52.400+0800: 0.449: [GC (Allocation Failure) 2021-07-04T12:08:52.400+0800: 0.449: [ParNew: 157246K->17471K(157248K), 0.0057785 secs] 401454K->304650K(506816K), 0.0058606 secs] [Times: user=0.05 sys=0.00, real=0.00 secs] 
2021-07-04T12:08:52.406+0800: 0.455: [GC (CMS Initial Mark) [1 CMS-initial-mark: 287179K(349568K)] 305270K(506816K), 0.0001973 secs] [Times: user=0.00 sys=0.00, real=0.00 secs] 
2021-07-04T12:08:52.407+0800: 0.455: [CMS-concurrent-mark-start]
2021-07-04T12:08:52.408+0800: 0.456: [CMS-concurrent-mark: 0.001/0.001 secs] [Times: user=0.00 sys=0.00, real=0.00 secs] 
2021-07-04T12:08:52.408+0800: 0.456: [CMS-concurrent-preclean-start]
2021-07-04T12:08:52.408+0800: 0.457: [CMS-concurrent-preclean: 0.000/0.000 secs] [Times: user=0.00 sys=0.00, real=0.00 secs] 
2021-07-04T12:08:52.408+0800: 0.457: [CMS-concurrent-abortable-preclean-start]
2021-07-04T12:08:52.418+0800: 0.467: [GC (Allocation Failure) 2021-07-04T12:08:52.419+0800: 0.467: [ParNew: 157247K->17471K(157248K), 0.0067647 secs] 444426K->348284K(506816K), 0.0068391 secs] [Times: user=0.05 sys=0.01, real=0.01 secs] 
2021-07-04T12:08:52.426+0800: 0.475: [CMS-concurrent-abortable-preclean: 0.001/0.018 secs] [Times: user=0.06 sys=0.01, real=0.02 secs] 
2021-07-04T12:08:52.426+0800: 0.475: [GC (CMS Final Remark) [YG occupancy: 26407 K (157248 K)]2021-07-04T12:08:52.426+0800: 0.475: [Rescan (parallel) , 0.0010420 secs]2021-07-04T12:08:52.427+0800: 0.476: [weak refs processing, 0.0000380 secs]2021-07-04T12:08:52.427+0800: 0.476: [class unloading, 0.0002691 secs]2021-07-04T12:08:52.428+0800: 0.476: [scrub symbol table, 0.0002563 secs]2021-07-04T12:08:52.428+0800: 0.476: [scrub string table, 0.0000839 secs][1 CMS-remark: 330813K(349568K)] 357220K(506816K), 0.0017655 secs] [Times: user=0.00 sys=0.00, real=0.00 secs] 
2021-07-04T12:08:52.428+0800: 0.477: [CMS-concurrent-sweep-start]
2021-07-04T12:08:52.429+0800: 0.477: [CMS-concurrent-sweep: 0.001/0.001 secs] [Times: user=0.00 sys=0.00, real=0.00 secs] 
2021-07-04T12:08:52.429+0800: 0.477: [CMS-concurrent-reset-start]
2021-07-04T12:08:52.429+0800: 0.477: [CMS-concurrent-reset: 0.000/0.000 secs] [Times: user=0.00 sys=0.00, real=0.00 secs] 
2021-07-04T12:08:52.439+0800: 0.487: [GC (Allocation Failure) 2021-07-04T12:08:52.439+0800: 0.487: [ParNew: 157247K->17471K(157248K), 0.0052307 secs] 457351K->355550K(506816K), 0.0053424 secs] [Times: user=0.04 sys=0.00, real=0.01 secs] 
2021-07-04T12:08:52.444+0800: 0.493: [GC (CMS Initial Mark) [1 CMS-initial-mark: 338079K(349568K)] 358634K(506816K), 0.0001744 secs] [Times: user=0.00 sys=0.00, real=0.00 secs] 
2021-07-04T12:08:52.444+0800: 0.493: [CMS-concurrent-mark-start]
2021-07-04T12:08:52.445+0800: 0.494: [CMS-concurrent-mark: 0.001/0.001 secs] [Times: user=0.00 sys=0.00, real=0.00 secs] 
2021-07-04T12:08:52.445+0800: 0.494: [CMS-concurrent-preclean-start]
2021-07-04T12:08:52.446+0800: 0.494: [CMS-concurrent-preclean: 0.000/0.000 secs] [Times: user=0.00 sys=0.00, real=0.00 secs] 
2021-07-04T12:08:52.446+0800: 0.494: [CMS-concurrent-abortable-preclean-start]
2021-07-04T12:08:52.446+0800: 0.494: [CMS-concurrent-abortable-preclean: 0.000/0.000 secs] [Times: user=0.00 sys=0.00, real=0.00 secs] 
2021-07-04T12:08:52.446+0800: 0.494: [GC (CMS Final Remark) [YG occupancy: 35642 K (157248 K)]2021-07-04T12:08:52.446+0800: 0.494: [Rescan (parallel) , 0.0003506 secs]2021-07-04T12:08:52.446+0800: 0.495: [weak refs processing, 0.0000103 secs]2021-07-04T12:08:52.446+0800: 0.495: [class unloading, 0.0002150 secs]2021-07-04T12:08:52.446+0800: 0.495: [scrub symbol table, 0.0002551 secs]2021-07-04T12:08:52.447+0800: 0.495: [scrub string table, 0.0000845 secs][1 CMS-remark: 338079K(349568K)] 373721K(506816K), 0.0009660 secs] [Times: user=0.00 sys=0.00, real=0.00 secs] 
2021-07-04T12:08:52.447+0800: 0.495: [CMS-concurrent-sweep-start]
2021-07-04T12:08:52.448+0800: 0.496: [CMS-concurrent-sweep: 0.001/0.001 secs] [Times: user=0.00 sys=0.00, real=0.00 secs] 
2021-07-04T12:08:52.448+0800: 0.496: [CMS-concurrent-reset-start]
2021-07-04T12:08:52.448+0800: 0.496: [CMS-concurrent-reset: 0.000/0.000 secs] [Times: user=0.00 sys=0.00, real=0.00 secs] 
2021-07-04T12:08:52.457+0800: 0.505: [GC (Allocation Failure) 2021-07-04T12:08:52.457+0800: 0.505: [ParNew: 157247K->17471K(157248K), 0.0057585 secs] 425059K->330185K(506816K), 0.0058405 secs] [Times: user=0.04 sys=0.00, real=0.01 secs] 
2021-07-04T12:08:52.462+0800: 0.511: [GC (CMS Initial Mark) [1 CMS-initial-mark: 312713K(349568K)] 330950K(506816K), 0.0001685 secs] [Times: user=0.00 sys=0.00, real=0.00 secs] 
2021-07-04T12:08:52.463+0800: 0.511: [CMS-concurrent-mark-start]
2021-07-04T12:08:52.464+0800: 0.512: [CMS-concurrent-mark: 0.001/0.001 secs] [Times: user=0.00 sys=0.00, real=0.00 secs] 
2021-07-04T12:08:52.464+0800: 0.512: [CMS-concurrent-preclean-start]
2021-07-04T12:08:52.464+0800: 0.513: [CMS-concurrent-preclean: 0.000/0.000 secs] [Times: user=0.00 sys=0.00, real=0.00 secs] 
2021-07-04T12:08:52.464+0800: 0.513: [CMS-concurrent-abortable-preclean-start]
2021-07-04T12:08:52.474+0800: 0.523: [GC (Allocation Failure) 2021-07-04T12:08:52.474+0800: 0.523: [ParNew: 157247K->157247K(157248K), 0.0000154 secs]2021-07-04T12:08:52.474+0800: 0.523: [CMS2021-07-04T12:08:52.474+0800: 0.523: [CMS-concurrent-abortable-preclean: 0.000/0.010 secs] [Times: user=0.01 sys=0.00, real=0.01 secs] 
 (concurrent mode failure): 312713K->304511K(349568K), 0.0322994 secs] 469961K->304511K(506816K), [Metaspace: 3246K->3246K(1056768K)], 0.0324088 secs] [Times: user=0.04 sys=0.00, real=0.03 secs] 
2021-07-04T12:08:52.518+0800: 0.567: [GC (Allocation Failure) 2021-07-04T12:08:52.518+0800: 0.567: [ParNew: 139776K->17470K(157248K), 0.0043511 secs] 444287K->350010K(506816K), 0.0044672 secs] [Times: user=0.02 sys=0.00, real=0.01 secs] 
2021-07-04T12:08:52.523+0800: 0.571: [GC (CMS Initial Mark) [1 CMS-initial-mark: 332539K(349568K)] 353087K(506816K), 0.0001995 secs] [Times: user=0.00 sys=0.00, real=0.00 secs] 
2021-07-04T12:08:52.523+0800: 0.571: [CMS-concurrent-mark-start]
2021-07-04T12:08:52.524+0800: 0.572: [CMS-concurrent-mark: 0.001/0.001 secs] [Times: user=0.01 sys=0.00, real=0.00 secs] 
2021-07-04T12:08:52.524+0800: 0.573: [CMS-concurrent-preclean-start]
2021-07-04T12:08:52.524+0800: 0.573: [CMS-concurrent-preclean: 0.000/0.000 secs] [Times: user=0.00 sys=0.00, real=0.00 secs] 
2021-07-04T12:08:52.525+0800: 0.573: [CMS-concurrent-abortable-preclean-start]
2021-07-04T12:08:52.525+0800: 0.573: [CMS-concurrent-abortable-preclean: 0.000/0.000 secs] [Times: user=0.00 sys=0.00, real=0.00 secs] 
2021-07-04T12:08:52.525+0800: 0.573: [GC (CMS Final Remark) [YG occupancy: 34795 K (157248 K)]2021-07-04T12:08:52.525+0800: 0.573: [Rescan (parallel) , 0.0003272 secs]2021-07-04T12:08:52.525+0800: 0.573: [weak refs processing, 0.0000098 secs]2021-07-04T12:08:52.525+0800: 0.573: [class unloading, 0.0002220 secs]2021-07-04T12:08:52.525+0800: 0.574: [scrub symbol table, 0.0002565 secs]2021-07-04T12:08:52.526+0800: 0.574: [scrub string table, 0.0000856 secs][1 CMS-remark: 332539K(349568K)] 367334K(506816K), 0.0009825 secs] [Times: user=0.00 sys=0.00, real=0.00 secs] 
2021-07-04T12:08:52.526+0800: 0.574: [CMS-concurrent-sweep-start]
2021-07-04T12:08:52.526+0800: 0.575: [CMS-concurrent-sweep: 0.000/0.000 secs] [Times: user=0.00 sys=0.00, real=0.00 secs] 
2021-07-04T12:08:52.526+0800: 0.575: [CMS-concurrent-reset-start]
2021-07-04T12:08:52.526+0800: 0.575: [CMS-concurrent-reset: 0.000/0.000 secs] [Times: user=0.00 sys=0.00, real=0.00 secs] 
2021-07-04T12:08:52.536+0800: 0.585: [GC (Allocation Failure) 2021-07-04T12:08:52.537+0800: 0.585: [ParNew: 157246K->17468K(157248K), 0.0054233 secs] 456188K->357487K(506816K), 0.0055090 secs] [Times: user=0.04 sys=0.00, real=0.01 secs] 
2021-07-04T12:08:52.542+0800: 0.591: [GC (CMS Initial Mark) [1 CMS-initial-mark: 340019K(349568K)] 357791K(506816K), 0.0001568 secs] [Times: user=0.00 sys=0.00, real=0.00 secs] 
2021-07-04T12:08:52.542+0800: 0.591: [CMS-concurrent-mark-start]
2021-07-04T12:08:52.543+0800: 0.592: [CMS-concurrent-mark: 0.001/0.001 secs] [Times: user=0.00 sys=0.00, real=0.00 secs] 
2021-07-04T12:08:52.543+0800: 0.592: [CMS-concurrent-preclean-start]
2021-07-04T12:08:52.544+0800: 0.592: [CMS-concurrent-preclean: 0.000/0.000 secs] [Times: user=0.00 sys=0.00, real=0.00 secs] 
2021-07-04T12:08:52.544+0800: 0.592: [CMS-concurrent-abortable-preclean-start]
2021-07-04T12:08:52.544+0800: 0.592: [CMS-concurrent-abortable-preclean: 0.000/0.000 secs] [Times: user=0.00 sys=0.00, real=0.00 secs] 
2021-07-04T12:08:52.544+0800: 0.592: [GC (CMS Final Remark) [YG occupancy: 34493 K (157248 K)]2021-07-04T12:08:52.544+0800: 0.592: [Rescan (parallel) , 0.0002859 secs]2021-07-04T12:08:52.544+0800: 0.593: [weak refs processing, 0.0000118 secs]2021-07-04T12:08:52.544+0800: 0.593: [class unloading, 0.0002222 secs]2021-07-04T12:08:52.545+0800: 0.593: [scrub symbol table, 0.0002547 secs]2021-07-04T12:08:52.545+0800: 0.593: [scrub string table, 0.0000836 secs][1 CMS-remark: 340019K(349568K)] 374512K(506816K), 0.0009452 secs] [Times: user=0.00 sys=0.00, real=0.00 secs] 
2021-07-04T12:08:52.545+0800: 0.593: [CMS-concurrent-sweep-start]
2021-07-04T12:08:52.545+0800: 0.594: [CMS-concurrent-sweep: 0.001/0.001 secs] [Times: user=0.00 sys=0.00, real=0.00 secs] 
2021-07-04T12:08:52.546+0800: 0.594: [CMS-concurrent-reset-start]
2021-07-04T12:08:52.546+0800: 0.594: [CMS-concurrent-reset: 0.000/0.000 secs] [Times: user=0.00 sys=0.00, real=0.00 secs] 
2021-07-04T12:08:52.555+0800: 0.604: [GC (Allocation Failure) 2021-07-04T12:08:52.555+0800: 0.604: [ParNew (promotion failed): 157051K->157053K(157248K), 0.0088619 secs]2021-07-04T12:08:52.564+0800: 0.613: [CMS: 345982K->323818K(349568K), 0.0337523 secs] 456598K->323818K(506816K), [Metaspace: 3246K->3246K(1056768K)], 0.0427471 secs] [Times: user=0.10 sys=0.00, real=0.04 secs] 
2021-07-04T12:08:52.598+0800: 0.647: [GC (CMS Initial Mark) [1 CMS-initial-mark: 323818K(349568K)] 327382K(506816K), 0.0002309 secs] [Times: user=0.00 sys=0.00, real=0.00 secs] 
2021-07-04T12:08:52.599+0800: 0.647: [CMS-concurrent-mark-start]
2021-07-04T12:08:52.600+0800: 0.648: [CMS-concurrent-mark: 0.001/0.001 secs] [Times: user=0.00 sys=0.00, real=0.01 secs] 
2021-07-04T12:08:52.600+0800: 0.648: [CMS-concurrent-preclean-start]
2021-07-04T12:08:52.600+0800: 0.648: [CMS-concurrent-preclean: 0.000/0.000 secs] [Times: user=0.00 sys=0.00, real=0.00 secs] 
2021-07-04T12:08:52.600+0800: 0.648: [CMS-concurrent-abortable-preclean-start]
2021-07-04T12:08:52.610+0800: 0.658: [GC (Allocation Failure) 2021-07-04T12:08:52.610+0800: 0.659: [ParNew: 139776K->139776K(157248K), 0.0000162 secs]2021-07-04T12:08:52.610+0800: 0.659: [CMS2021-07-04T12:08:52.610+0800: 0.659: [CMS-concurrent-abortable-preclean: 0.000/0.010 secs] [Times: user=0.01 sys=0.00, real=0.01 secs] 
 (concurrent mode failure): 323818K->321955K(349568K), 0.0346303 secs] 463594K->321955K(506816K), [Metaspace: 3246K->3246K(1056768K)], 0.0347762 secs] [Times: user=0.04 sys=0.00, real=0.03 secs] 
2021-07-04T12:08:52.656+0800: 0.705: [GC (Allocation Failure) 2021-07-04T12:08:52.656+0800: 0.705: [ParNew: 139776K->139776K(157248K), 0.0000163 secs]2021-07-04T12:08:52.656+0800: 0.705: [CMS: 321955K->319354K(349568K), 0.0325748 secs] 461731K->319354K(506816K), [Metaspace: 3246K->3246K(1056768K)], 0.0327446 secs] [Times: user=0.03 sys=0.00, real=0.03 secs] 
2021-07-04T12:08:52.689+0800: 0.738: [GC (CMS Initial Mark) [1 CMS-initial-mark: 319354K(349568K)] 319506K(506816K), 0.0002668 secs] [Times: user=0.00 sys=0.00, real=0.01 secs] 
2021-07-04T12:08:52.690+0800: 0.738: [CMS-concurrent-mark-start]
2021-07-04T12:08:52.691+0800: 0.739: [CMS-concurrent-mark: 0.001/0.001 secs] [Times: user=0.00 sys=0.00, real=0.00 secs] 
2021-07-04T12:08:52.691+0800: 0.739: [CMS-concurrent-preclean-start]
2021-07-04T12:08:52.691+0800: 0.740: [CMS-concurrent-preclean: 0.000/0.000 secs] [Times: user=0.00 sys=0.00, real=0.00 secs] 
2021-07-04T12:08:52.691+0800: 0.740: [CMS-concurrent-abortable-preclean-start]
2021-07-04T12:08:52.701+0800: 0.749: [GC (Allocation Failure) 2021-07-04T12:08:52.701+0800: 0.749: [ParNew: 139776K->17471K(157248K), 0.0044786 secs] 459130K->366337K(506816K), 0.0045635 secs] [Times: user=0.04 sys=0.01, real=0.00 secs] 
2021-07-04T12:08:52.705+0800: 0.754: [CMS-concurrent-abortable-preclean: 0.000/0.014 secs] [Times: user=0.05 sys=0.01, real=0.01 secs] 
2021-07-04T12:08:52.705+0800: 0.754: [GC (CMS Final Remark) [YG occupancy: 17663 K (157248 K)]2021-07-04T12:08:52.705+0800: 0.754: [Rescan (parallel) , 0.0003050 secs]2021-07-04T12:08:52.706+0800: 0.754: [weak refs processing, 0.0000119 secs]2021-07-04T12:08:52.706+0800: 0.754: [class unloading, 0.0002266 secs]2021-07-04T12:08:52.706+0800: 0.754: [scrub symbol table, 0.0002799 secs]2021-07-04T12:08:52.706+0800: 0.755: [scrub string table, 0.0000848 secs][1 CMS-remark: 348865K(349568K)] 366529K(506816K), 0.0010084 secs] [Times: user=0.00 sys=0.00, real=0.00 secs] 
2021-07-04T12:08:52.706+0800: 0.755: [CMS-concurrent-sweep-start]
2021-07-04T12:08:52.707+0800: 0.755: [CMS-concurrent-sweep: 0.000/0.000 secs] [Times: user=0.00 sys=0.00, real=0.00 secs] 
2021-07-04T12:08:52.707+0800: 0.755: [CMS-concurrent-reset-start]
2021-07-04T12:08:52.707+0800: 0.756: [CMS-concurrent-reset: 0.000/0.000 secs] [Times: user=0.00 sys=0.00, real=0.00 secs] 
2021-07-04T12:08:52.717+0800: 0.765: [GC (Allocation Failure) 2021-07-04T12:08:52.717+0800: 0.766: [ParNew: 157247K->157247K(157248K), 0.0000156 secs]2021-07-04T12:08:52.717+0800: 0.766: [CMS: 348789K->340965K(349568K), 0.0349996 secs] 506037K->340965K(506816K), [Metaspace: 3246K->3246K(1056768K)], 0.0351188 secs] [Times: user=0.03 sys=0.00, real=0.04 secs] 
2021-07-04T12:08:52.752+0800: 0.801: [GC (CMS Initial Mark) [1 CMS-initial-mark: 340965K(349568K)] 344513K(506816K), 0.0002077 secs] [Times: user=0.00 sys=0.00, real=0.00 secs] 
2021-07-04T12:08:52.753+0800: 0.801: [CMS-concurrent-mark-start]
2021-07-04T12:08:52.754+0800: 0.802: [CMS-concurrent-mark: 0.001/0.001 secs] [Times: user=0.01 sys=0.00, real=0.00 secs] 
2021-07-04T12:08:52.754+0800: 0.802: [CMS-concurrent-preclean-start]
2021-07-04T12:08:52.754+0800: 0.803: [CMS-concurrent-preclean: 0.000/0.000 secs] [Times: user=0.00 sys=0.00, real=0.00 secs] 
2021-07-04T12:08:52.754+0800: 0.803: [CMS-concurrent-abortable-preclean-start]
2021-07-04T12:08:52.754+0800: 0.803: [CMS-concurrent-abortable-preclean: 0.000/0.000 secs] [Times: user=0.00 sys=0.00, real=0.00 secs] 
2021-07-04T12:08:52.754+0800: 0.803: [GC (CMS Final Remark) [YG occupancy: 16163 K (157248 K)]2021-07-04T12:08:52.754+0800: 0.803: [Rescan (parallel) , 0.0004126 secs]2021-07-04T12:08:52.755+0800: 0.803: [weak refs processing, 0.0000115 secs]2021-07-04T12:08:52.755+0800: 0.803: [class unloading, 0.0002211 secs]2021-07-04T12:08:52.755+0800: 0.804: [scrub symbol table, 0.0002594 secs]2021-07-04T12:08:52.755+0800: 0.804: [scrub string table, 0.0000833 secs][1 CMS-remark: 340965K(349568K)] 357128K(506816K), 0.0010872 secs] [Times: user=0.00 sys=0.00, real=0.00 secs] 
2021-07-04T12:08:52.755+0800: 0.804: [CMS-concurrent-sweep-start]
2021-07-04T12:08:52.756+0800: 0.804: [CMS-concurrent-sweep: 0.000/0.000 secs] [Times: user=0.00 sys=0.00, real=0.00 secs] 
2021-07-04T12:08:52.756+0800: 0.804: [CMS-concurrent-reset-start]
2021-07-04T12:08:52.756+0800: 0.805: [CMS-concurrent-reset: 0.000/0.000 secs] [Times: user=0.00 sys=0.00, real=0.00 secs] 
2021-07-04T12:08:52.766+0800: 0.814: [GC (Allocation Failure) 2021-07-04T12:08:52.766+0800: 0.814: [ParNew: 139776K->139776K(157248K), 0.0000160 secs]2021-07-04T12:08:52.766+0800: 0.814: [CMS: 340623K->348109K(349568K), 0.0357736 secs] 480399K->348109K(506816K), [Metaspace: 3246K->3246K(1056768K)], 0.0358918 secs] [Times: user=0.04 sys=0.00, real=0.04 secs] 
2021-07-04T12:08:52.802+0800: 0.850: [GC (CMS Initial Mark) [1 CMS-initial-mark: 348109K(349568K)] 351200K(506816K), 0.0002449 secs] [Times: user=0.00 sys=0.00, real=0.00 secs] 
2021-07-04T12:08:52.802+0800: 0.851: [CMS-concurrent-mark-start]
2021-07-04T12:08:52.803+0800: 0.852: [CMS-concurrent-mark: 0.001/0.001 secs] [Times: user=0.00 sys=0.00, real=0.00 secs] 
2021-07-04T12:08:52.803+0800: 0.852: [CMS-concurrent-preclean-start]
2021-07-04T12:08:52.804+0800: 0.852: [CMS-concurrent-preclean: 0.000/0.000 secs] [Times: user=0.00 sys=0.00, real=0.00 secs] 
2021-07-04T12:08:52.804+0800: 0.852: [CMS-concurrent-abortable-preclean-start]
2021-07-04T12:08:52.804+0800: 0.852: [CMS-concurrent-abortable-preclean: 0.000/0.000 secs] [Times: user=0.00 sys=0.00, real=0.00 secs] 
2021-07-04T12:08:52.804+0800: 0.852: [GC (CMS Final Remark) [YG occupancy: 21310 K (157248 K)]2021-07-04T12:08:52.804+0800: 0.852: [Rescan (parallel) , 0.0003707 secs]2021-07-04T12:08:52.804+0800: 0.853: [weak refs processing, 0.0000090 secs]2021-07-04T12:08:52.804+0800: 0.853: [class unloading, 0.0002551 secs]2021-07-04T12:08:52.805+0800: 0.853: [scrub symbol table, 0.0002537 secs]2021-07-04T12:08:52.805+0800: 0.853: [scrub string table, 0.0000848 secs][1 CMS-remark: 348109K(349568K)] 369419K(506816K), 0.0010526 secs] [Times: user=0.00 sys=0.00, real=0.00 secs] 
2021-07-04T12:08:52.805+0800: 0.853: [CMS-concurrent-sweep-start]
2021-07-04T12:08:52.805+0800: 0.854: [CMS-concurrent-sweep: 0.000/0.000 secs] [Times: user=0.00 sys=0.00, real=0.00 secs] 
2021-07-04T12:08:52.805+0800: 0.854: [CMS-concurrent-reset-start]
2021-07-04T12:08:52.806+0800: 0.854: [CMS-concurrent-reset: 0.000/0.000 secs] [Times: user=0.00 sys=0.00, real=0.00 secs] 
2021-07-04T12:08:52.815+0800: 0.864: [GC (Allocation Failure) 2021-07-04T12:08:52.816+0800: 0.864: [ParNew: 139776K->139776K(157248K), 0.0000467 secs]2021-07-04T12:08:52.816+0800: 0.864: [CMS: 348051K->349494K(349568K), 0.0359117 secs] 487827K->349494K(506816K), [Metaspace: 3246K->3246K(1056768K)], 0.0360518 secs] [Times: user=0.04 sys=0.00, real=0.04 secs] 
2021-07-04T12:08:52.852+0800: 0.900: [GC (CMS Initial Mark) [1 CMS-initial-mark: 349494K(349568K)] 352717K(506816K), 0.0002674 secs] [Times: user=0.00 sys=0.00, real=0.00 secs] 
2021-07-04T12:08:52.852+0800: 0.901: [CMS-concurrent-mark-start]
2021-07-04T12:08:52.853+0800: 0.902: [CMS-concurrent-mark: 0.001/0.001 secs] [Times: user=0.00 sys=0.00, real=0.00 secs] 
2021-07-04T12:08:52.853+0800: 0.902: [CMS-concurrent-preclean-start]
2021-07-04T12:08:52.854+0800: 0.902: [CMS-concurrent-preclean: 0.000/0.000 secs] [Times: user=0.00 sys=0.00, real=0.00 secs] 
2021-07-04T12:08:52.854+0800: 0.902: [CMS-concurrent-abortable-preclean-start]
2021-07-04T12:08:52.854+0800: 0.902: [CMS-concurrent-abortable-preclean: 0.000/0.000 secs] [Times: user=0.00 sys=0.00, real=0.00 secs] 
2021-07-04T12:08:52.854+0800: 0.902: [GC (CMS Final Remark) [YG occupancy: 20629 K (157248 K)]2021-07-04T12:08:52.854+0800: 0.902: [Rescan (parallel) , 0.0002725 secs]2021-07-04T12:08:52.854+0800: 0.903: [weak refs processing, 0.0000209 secs]2021-07-04T12:08:52.854+0800: 0.903: [class unloading, 0.0002252 secs]2021-07-04T12:08:52.855+0800: 0.903: [scrub symbol table, 0.0002559 secs]2021-07-04T12:08:52.855+0800: 0.903: [scrub string table, 0.0000866 secs][1 CMS-remark: 349494K(349568K)] 370123K(506816K), 0.0009458 secs] [Times: user=0.01 sys=0.00, real=0.00 secs] 
2021-07-04T12:08:52.855+0800: 0.904: [CMS-concurrent-sweep-start]
2021-07-04T12:08:52.856+0800: 0.904: [CMS-concurrent-sweep: 0.000/0.000 secs] [Times: user=0.00 sys=0.00, real=0.00 secs] 
2021-07-04T12:08:52.856+0800: 0.904: [CMS-concurrent-reset-start]
2021-07-04T12:08:52.856+0800: 0.904: [CMS-concurrent-reset: 0.000/0.000 secs] [Times: user=0.00 sys=0.00, real=0.00 secs] 
2021-07-04T12:08:52.864+0800: 0.912: [GC (Allocation Failure) 2021-07-04T12:08:52.864+0800: 0.912: [ParNew: 139776K->139776K(157248K), 0.0000160 secs]2021-07-04T12:08:52.864+0800: 0.912: [CMS: 349379K->349446K(349568K), 0.0364379 secs] 489155K->355186K(506816K), [Metaspace: 3246K->3246K(1056768K)], 0.0365536 secs] [Times: user=0.03 sys=0.00, real=0.04 secs] 
2021-07-04T12:08:52.901+0800: 0.949: [GC (CMS Initial Mark) [1 CMS-initial-mark: 349446K(349568K)] 355262K(506816K), 0.0001910 secs] [Times: user=0.00 sys=0.00, real=0.00 secs] 
2021-07-04T12:08:52.901+0800: 0.949: [CMS-concurrent-mark-start]
2021-07-04T12:08:52.902+0800: 0.951: [CMS-concurrent-mark: 0.001/0.001 secs] [Times: user=0.00 sys=0.00, real=0.00 secs] 
2021-07-04T12:08:52.902+0800: 0.951: [CMS-concurrent-preclean-start]
2021-07-04T12:08:52.904+0800: 0.952: [CMS-concurrent-preclean: 0.001/0.001 secs] [Times: user=0.01 sys=0.00, real=0.00 secs] 
2021-07-04T12:08:52.904+0800: 0.952: [CMS-concurrent-abortable-preclean-start]
2021-07-04T12:08:52.904+0800: 0.952: [CMS-concurrent-abortable-preclean: 0.000/0.000 secs] [Times: user=0.00 sys=0.00, real=0.00 secs] 
2021-07-04T12:08:52.904+0800: 0.952: [GC (CMS Final Remark) [YG occupancy: 37338 K (157248 K)]2021-07-04T12:08:52.904+0800: 0.952: [Rescan (parallel) , 0.0002958 secs]2021-07-04T12:08:52.904+0800: 0.952: [weak refs processing, 0.0000134 secs]2021-07-04T12:08:52.904+0800: 0.952: [class unloading, 0.0002354 secs]2021-07-04T12:08:52.904+0800: 0.953: [scrub symbol table, 0.0003978 secs]2021-07-04T12:08:52.905+0800: 0.953: [scrub string table, 0.0001131 secs][1 CMS-remark: 349446K(349568K)] 386784K(506816K), 0.0011479 secs] [Times: user=0.00 sys=0.00, real=0.00 secs] 
2021-07-04T12:08:52.905+0800: 0.953: [CMS-concurrent-sweep-start]
2021-07-04T12:08:52.905+0800: 0.954: [CMS-concurrent-sweep: 0.001/0.001 secs] [Times: user=0.00 sys=0.00, real=0.00 secs] 
2021-07-04T12:08:52.906+0800: 0.954: [CMS-concurrent-reset-start]
2021-07-04T12:08:52.906+0800: 0.954: [CMS-concurrent-reset: 0.000/0.000 secs] [Times: user=0.00 sys=0.00, real=0.00 secs] 
2021-07-04T12:08:52.917+0800: 0.965: [GC (Allocation Failure) 2021-07-04T12:08:52.917+0800: 0.965: [ParNew: 157135K->157135K(157248K), 0.0000158 secs]2021-07-04T12:08:52.917+0800: 0.965: [CMS: 349075K->349528K(349568K), 0.0364508 secs] 506210K->356139K(506816K), [Metaspace: 3246K->3246K(1056768K)], 0.0365595 secs] [Times: user=0.04 sys=0.00, real=0.04 secs] 
2021-07-04T12:08:52.954+0800: 1.002: [GC (CMS Initial Mark) [1 CMS-initial-mark: 349528K(349568K)] 359391K(506816K), 0.0002587 secs] [Times: user=0.00 sys=0.00, real=0.00 secs] 
2021-07-04T12:08:52.954+0800: 1.003: [CMS-concurrent-mark-start]
2021-07-04T12:08:52.955+0800: 1.004: [CMS-concurrent-mark: 0.001/0.001 secs] [Times: user=0.00 sys=0.00, real=0.00 secs] 
2021-07-04T12:08:52.955+0800: 1.004: [CMS-concurrent-preclean-start]
2021-07-04T12:08:52.956+0800: 1.005: [CMS-concurrent-preclean: 0.001/0.001 secs] [Times: user=0.00 sys=0.00, real=0.00 secs] 
2021-07-04T12:08:52.956+0800: 1.005: [CMS-concurrent-abortable-preclean-start]
2021-07-04T12:08:52.956+0800: 1.005: [CMS-concurrent-abortable-preclean: 0.000/0.000 secs] [Times: user=0.00 sys=0.00, real=0.00 secs] 
2021-07-04T12:08:52.957+0800: 1.005: [GC (CMS Final Remark) [YG occupancy: 42416 K (157248 K)]2021-07-04T12:08:52.957+0800: 1.005: [Rescan (parallel) , 0.0003074 secs]2021-07-04T12:08:52.957+0800: 1.005: [weak refs processing, 0.0000410 secs]2021-07-04T12:08:52.957+0800: 1.005: [class unloading, 0.0002538 secs]2021-07-04T12:08:52.957+0800: 1.006: [scrub symbol table, 0.0002617 secs]2021-07-04T12:08:52.958+0800: 1.006: [scrub string table, 0.0000841 secs][1 CMS-remark: 349528K(349568K)] 391945K(506816K), 0.0010370 secs] [Times: user=0.00 sys=0.00, real=0.00 secs] 
2021-07-04T12:08:52.958+0800: 1.006: [CMS-concurrent-sweep-start]
2021-07-04T12:08:52.958+0800: 1.007: [CMS-concurrent-sweep: 0.000/0.000 secs] [Times: user=0.00 sys=0.00, real=0.00 secs] 
2021-07-04T12:08:52.958+0800: 1.007: [CMS-concurrent-reset-start]
2021-07-04T12:08:52.958+0800: 1.007: [CMS-concurrent-reset: 0.000/0.000 secs] [Times: user=0.00 sys=0.00, real=0.00 secs] 
2021-07-04T12:08:52.968+0800: 1.016: [GC (Allocation Failure) 2021-07-04T12:08:52.968+0800: 1.016: [ParNew: 157202K->157202K(157248K), 0.0000144 secs]2021-07-04T12:08:52.968+0800: 1.016: [CMS: 348854K->349297K(349568K), 0.0370459 secs] 506057K->363096K(506816K), [Metaspace: 3246K->3246K(1056768K)], 0.0371553 secs] [Times: user=0.04 sys=0.00, real=0.04 secs] 
2021-07-04T12:08:53.005+0800: 1.053: [GC (CMS Initial Mark) [1 CMS-initial-mark: 349297K(349568K)] 366114K(506816K), 0.0003245 secs] [Times: user=0.00 sys=0.00, real=0.00 secs] 
2021-07-04T12:08:53.005+0800: 1.054: [CMS-concurrent-mark-start]
2021-07-04T12:08:53.006+0800: 1.055: [CMS-concurrent-mark: 0.001/0.001 secs] [Times: user=0.00 sys=0.00, real=0.00 secs] 
2021-07-04T12:08:53.007+0800: 1.055: [CMS-concurrent-preclean-start]
2021-07-04T12:08:53.008+0800: 1.056: [CMS-concurrent-preclean: 0.001/0.001 secs] [Times: user=0.01 sys=0.00, real=0.00 secs] 
2021-07-04T12:08:53.008+0800: 1.056: [CMS-concurrent-abortable-preclean-start]
2021-07-04T12:08:53.008+0800: 1.056: [CMS-concurrent-abortable-preclean: 0.000/0.000 secs] [Times: user=0.00 sys=0.00, real=0.00 secs] 
2021-07-04T12:08:53.008+0800: 1.056: [GC (CMS Final Remark) [YG occupancy: 44256 K (157248 K)]2021-07-04T12:08:53.008+0800: 1.056: [Rescan (parallel) , 0.0002734 secs]2021-07-04T12:08:53.008+0800: 1.057: [weak refs processing, 0.0000114 secs]2021-07-04T12:08:53.008+0800: 1.057: [class unloading, 0.0002279 secs]2021-07-04T12:08:53.008+0800: 1.057: [scrub symbol table, 0.0002529 secs]2021-07-04T12:08:53.009+0800: 1.057: [scrub string table, 0.0001320 secs][1 CMS-remark: 349297K(349568K)] 393553K(506816K), 0.0010204 secs] [Times: user=0.00 sys=0.00, real=0.00 secs] 
2021-07-04T12:08:53.009+0800: 1.057: [CMS-concurrent-sweep-start]
2021-07-04T12:08:53.009+0800: 1.058: [CMS-concurrent-sweep: 0.000/0.000 secs] [Times: user=0.00 sys=0.00, real=0.00 secs] 
2021-07-04T12:08:53.009+0800: 1.058: [CMS-concurrent-reset-start]
2021-07-04T12:08:53.010+0800: 1.058: [CMS-concurrent-reset: 0.000/0.000 secs] [Times: user=0.00 sys=0.00, real=0.01 secs] 
Heap
 par new generation   total 157248K, used 109888K [0x00000007a0000000, 0x00000007aaaa0000, 0x00000007aaaa0000)
  eden space 139776K,  78% used [0x00000007a0000000, 0x00000007a6b501d8, 0x00000007a8880000)
  from space 17472K,   0% used [0x00000007a9990000, 0x00000007a9990000, 0x00000007aaaa0000)
  to   space 17472K,   0% used [0x00000007a8880000, 0x00000007a8880000, 0x00000007a9990000)
 concurrent mark-sweep generation total 349568K, used 348876K [0x00000007aaaa0000, 0x00000007c0000000, 0x00000007c0000000)
 Metaspace       used 3253K, capacity 4490K, committed 4864K, reserved 1056768K
  class space    used 352K, capacity 386K, committed 512K, reserved 1048576K
