OpenJDK 64-Bit Server VM (25.292-b10) for bsd-amd64 JRE (1.8.0_292-b10), built on Apr 20 2021 21:55:04 by "jenkins" with gcc 4.2.1 Compatible Apple LLVM 10.0.1 (clang-1001.0.46.4)
Memory: 4k page, physical 33554432k(537924k free)

/proc/meminfo:

CommandLine flags: -XX:InitialHeapSize=536870912 -XX:MaxHeapSize=536870912 -XX:+PrintGC -XX:+PrintGCDateStamps -XX:+PrintGCTimeStamps -XX:+UseCompressedClassPointers -XX:+UseCompressedOops -XX:+UseG1GC 
2021-07-04T14:40:39.208+0800: 0.101: [GC pause (G1 Evacuation Pause) (young) 33038K->9025K(512M), 0.0034578 secs]
2021-07-04T14:40:39.219+0800: 0.112: [GC pause (G1 Evacuation Pause) (young) 40791K->16886K(512M), 0.0033173 secs]
2021-07-04T14:40:39.260+0800: 0.153: [GC pause (G1 Evacuation Pause) (young) 118M->48683K(512M), 0.0089536 secs]
2021-07-04T14:40:39.281+0800: 0.174: [GC pause (G1 Evacuation Pause) (young) 125M->73902K(512M), 0.0074719 secs]
2021-07-04T14:40:39.308+0800: 0.201: [GC pause (G1 Evacuation Pause) (young) 187M->104M(512M), 0.0100826 secs]
2021-07-04T14:40:39.439+0800: 0.332: [GC pause (G1 Humongous Allocation) (young)-- 453M->371M(512M), 0.0033439 secs]
2021-07-04T14:40:39.443+0800: 0.336: [GC pause (G1 Humongous Allocation) (young) (initial-mark) 379M->375M(512M), 0.0010466 secs]
2021-07-04T14:40:39.444+0800: 0.337: [GC concurrent-root-region-scan-start]
2021-07-04T14:40:39.444+0800: 0.337: [GC concurrent-root-region-scan-end, 0.0001233 secs]
2021-07-04T14:40:39.444+0800: 0.337: [GC concurrent-mark-start]
2021-07-04T14:40:39.447+0800: 0.340: [GC concurrent-mark-end, 0.0023008 secs]
2021-07-04T14:40:39.447+0800: 0.340: [GC remark, 0.0009075 secs]
2021-07-04T14:40:39.448+0800: 0.341: [GC cleanup 401M->400M(512M), 0.0004605 secs]
2021-07-04T14:40:39.448+0800: 0.341: [GC concurrent-cleanup-start]
2021-07-04T14:40:39.448+0800: 0.341: [GC concurrent-cleanup-end, 0.0000087 secs]
2021-07-04T14:40:39.453+0800: 0.346: [GC pause (G1 Evacuation Pause) (young) 434M->392M(512M), 0.0018061 secs]
2021-07-04T14:40:39.457+0800: 0.350: [GC pause (G1 Evacuation Pause) (mixed) 415M->352M(512M), 0.0020023 secs]
2021-07-04T14:40:39.462+0800: 0.355: [GC pause (G1 Evacuation Pause) (mixed) 379M->317M(512M), 0.0022783 secs]
2021-07-04T14:40:39.466+0800: 0.359: [GC pause (G1 Evacuation Pause) (mixed) 342M->288M(512M), 0.0023418 secs]
2021-07-04T14:40:39.471+0800: 0.364: [GC pause (G1 Evacuation Pause) (mixed) 316M->263M(512M), 0.0022989 secs]
2021-07-04T14:40:39.475+0800: 0.368: [GC pause (G1 Evacuation Pause) (mixed) 290M->256M(512M), 0.0019289 secs]
2021-07-04T14:40:39.478+0800: 0.371: [GC pause (G1 Humongous Allocation) (young) (initial-mark) 264M->258M(512M), 0.0008554 secs]
2021-07-04T14:40:39.479+0800: 0.372: [GC concurrent-root-region-scan-start]
2021-07-04T14:40:39.479+0800: 0.372: [GC concurrent-root-region-scan-end, 0.0000656 secs]
2021-07-04T14:40:39.479+0800: 0.372: [GC concurrent-mark-start]
2021-07-04T14:40:39.480+0800: 0.373: [GC concurrent-mark-end, 0.0006459 secs]
2021-07-04T14:40:39.480+0800: 0.373: [GC remark, 0.0008460 secs]
2021-07-04T14:40:39.481+0800: 0.374: [GC cleanup 268M->267M(512M), 0.0003826 secs]
2021-07-04T14:40:39.481+0800: 0.374: [GC concurrent-cleanup-start]
2021-07-04T14:40:39.481+0800: 0.374: [GC concurrent-cleanup-end, 0.0000070 secs]
2021-07-04T14:40:39.494+0800: 0.387: [GC pause (G1 Evacuation Pause) (young)-- 422M->360M(512M), 0.0024843 secs]
2021-07-04T14:40:39.498+0800: 0.391: [GC pause (G1 Evacuation Pause) (mixed) 376M->338M(512M), 0.0030748 secs]
2021-07-04T14:40:39.502+0800: 0.395: [GC pause (G1 Humongous Allocation) (young) (initial-mark) 342M->338M(512M), 0.0007670 secs]
2021-07-04T14:40:39.503+0800: 0.396: [GC concurrent-root-region-scan-start]
2021-07-04T14:40:39.503+0800: 0.396: [GC concurrent-root-region-scan-end, 0.0000662 secs]
2021-07-04T14:40:39.503+0800: 0.396: [GC concurrent-mark-start]
2021-07-04T14:40:39.504+0800: 0.397: [GC concurrent-mark-end, 0.0006711 secs]
2021-07-04T14:40:39.504+0800: 0.397: [GC remark, 0.0008945 secs]
2021-07-04T14:40:39.505+0800: 0.398: [GC cleanup 346M->346M(512M), 0.0004142 secs]
2021-07-04T14:40:39.510+0800: 0.403: [GC pause (G1 Evacuation Pause) (young) 406M->353M(512M), 0.0024321 secs]
2021-07-04T14:40:39.514+0800: 0.408: [GC pause (G1 Evacuation Pause) (mixed) 377M->315M(512M), 0.0018104 secs]
2021-07-04T14:40:39.519+0800: 0.412: [GC pause (G1 Evacuation Pause) (mixed) 338M->288M(512M), 0.0031317 secs]
2021-07-04T14:40:39.524+0800: 0.417: [GC pause (G1 Evacuation Pause) (mixed) 316M->295M(512M), 0.0021281 secs]
2021-07-04T14:40:39.527+0800: 0.420: [GC pause (G1 Humongous Allocation) (young) (initial-mark) 296M->296M(512M), 0.0022711 secs]
2021-07-04T14:40:39.529+0800: 0.422: [GC concurrent-root-region-scan-start]
2021-07-04T14:40:39.529+0800: 0.422: [GC concurrent-root-region-scan-end, 0.0001154 secs]
2021-07-04T14:40:39.529+0800: 0.422: [GC concurrent-mark-start]
2021-07-04T14:40:39.530+0800: 0.423: [GC concurrent-mark-end, 0.0010119 secs]
2021-07-04T14:40:39.530+0800: 0.423: [GC remark, 0.0016804 secs]
2021-07-04T14:40:39.532+0800: 0.425: [GC cleanup 307M->307M(512M), 0.0004464 secs]
2021-07-04T14:40:39.541+0800: 0.434: [GC pause (G1 Evacuation Pause) (young) 411M->327M(512M), 0.0024745 secs]
2021-07-04T14:40:39.545+0800: 0.438: [GC pause (G1 Evacuation Pause) (mixed) 340M->309M(512M), 0.0033402 secs]
2021-07-04T14:40:39.549+0800: 0.442: [GC pause (G1 Humongous Allocation) (young) (initial-mark) 312M->310M(512M), 0.0013592 secs]
2021-07-04T14:40:39.550+0800: 0.443: [GC concurrent-root-region-scan-start]
2021-07-04T14:40:39.550+0800: 0.443: [GC concurrent-root-region-scan-end, 0.0000711 secs]
2021-07-04T14:40:39.550+0800: 0.443: [GC concurrent-mark-start]
2021-07-04T14:40:39.551+0800: 0.444: [GC concurrent-mark-end, 0.0007255 secs]
2021-07-04T14:40:39.551+0800: 0.444: [GC remark, 0.0010100 secs]
2021-07-04T14:40:39.552+0800: 0.445: [GC cleanup 319M->319M(512M), 0.0003518 secs]
2021-07-04T14:40:39.560+0800: 0.454: [GC pause (G1 Evacuation Pause) (young) 410M->340M(512M), 0.0027450 secs]
2021-07-04T14:40:39.565+0800: 0.458: [GC pause (G1 Evacuation Pause) (mixed) 360M->323M(512M), 0.0028833 secs]
2021-07-04T14:40:39.569+0800: 0.462: [GC pause (G1 Humongous Allocation) (young) (initial-mark) 337M->326M(512M), 0.0012370 secs]
2021-07-04T14:40:39.571+0800: 0.464: [GC concurrent-root-region-scan-start]
2021-07-04T14:40:39.571+0800: 0.464: [GC concurrent-root-region-scan-end, 0.0000682 secs]
2021-07-04T14:40:39.571+0800: 0.464: [GC concurrent-mark-start]
2021-07-04T14:40:39.571+0800: 0.465: [GC concurrent-mark-end, 0.0008300 secs]
2021-07-04T14:40:39.572+0800: 0.465: [GC remark, 0.0011875 secs]
2021-07-04T14:40:39.573+0800: 0.466: [GC cleanup 338M->338M(512M), 0.0006889 secs]
2021-07-04T14:40:39.580+0800: 0.473: [GC pause (G1 Evacuation Pause) (young) 407M->346M(512M), 0.0023434 secs]
2021-07-04T14:40:39.584+0800: 0.477: [GC pause (G1 Evacuation Pause) (mixed) 366M->327M(512M), 0.0038869 secs]
2021-07-04T14:40:39.590+0800: 0.483: [GC pause (G1 Evacuation Pause) (mixed) 352M->334M(512M), 0.0018606 secs]
2021-07-04T14:40:39.592+0800: 0.485: [GC pause (G1 Humongous Allocation) (young) (initial-mark) 335M->334M(512M), 0.0008410 secs]
2021-07-04T14:40:39.593+0800: 0.486: [GC concurrent-root-region-scan-start]
2021-07-04T14:40:39.593+0800: 0.486: [GC concurrent-root-region-scan-end, 0.0000727 secs]
2021-07-04T14:40:39.593+0800: 0.486: [GC concurrent-mark-start]
2021-07-04T14:40:39.594+0800: 0.487: [GC concurrent-mark-end, 0.0007827 secs]
2021-07-04T14:40:39.594+0800: 0.487: [GC remark, 0.0010401 secs]
2021-07-04T14:40:39.595+0800: 0.488: [GC cleanup 347M->347M(512M), 0.0005441 secs]
2021-07-04T14:40:39.600+0800: 0.493: [GC pause (G1 Evacuation Pause) (young) 399M->354M(512M), 0.0023488 secs]
2021-07-04T14:40:39.604+0800: 0.497: [GC pause (G1 Evacuation Pause) (mixed) 377M->338M(512M), 0.0038699 secs]
2021-07-04T14:40:39.611+0800: 0.504: [GC pause (G1 Evacuation Pause) (mixed) 364M->346M(512M), 0.0017035 secs]
2021-07-04T14:40:39.612+0800: 0.506: [GC pause (G1 Humongous Allocation) (young) (initial-mark) 347M->347M(512M), 0.0010024 secs]
2021-07-04T14:40:39.614+0800: 0.507: [GC concurrent-root-region-scan-start]
2021-07-04T14:40:39.614+0800: 0.507: [GC concurrent-root-region-scan-end, 0.0000279 secs]
2021-07-04T14:40:39.614+0800: 0.507: [GC concurrent-mark-start]
2021-07-04T14:40:39.614+0800: 0.507: [GC concurrent-mark-end, 0.0007992 secs]
2021-07-04T14:40:39.614+0800: 0.507: [GC remark, 0.0010529 secs]
2021-07-04T14:40:39.616+0800: 0.509: [GC cleanup 356M->356M(512M), 0.0004165 secs]
2021-07-04T14:40:39.619+0800: 0.513: [GC pause (G1 Evacuation Pause) (young) 396M->357M(512M), 0.0016563 secs]
2021-07-04T14:40:39.623+0800: 0.516: [GC pause (G1 Evacuation Pause) (mixed) 380M->346M(512M), 0.0031817 secs]
2021-07-04T14:40:39.629+0800: 0.522: [GC pause (G1 Evacuation Pause) (mixed) 375M->353M(512M), 0.0018466 secs]
2021-07-04T14:40:39.631+0800: 0.524: [GC pause (G1 Humongous Allocation) (young) (initial-mark) 354M->353M(512M), 0.0009239 secs]
2021-07-04T14:40:39.632+0800: 0.525: [GC concurrent-root-region-scan-start]
2021-07-04T14:40:39.632+0800: 0.525: [GC concurrent-root-region-scan-end, 0.0000899 secs]
2021-07-04T14:40:39.632+0800: 0.525: [GC concurrent-mark-start]
2021-07-04T14:40:39.633+0800: 0.526: [GC concurrent-mark-end, 0.0008634 secs]
2021-07-04T14:40:39.633+0800: 0.526: [GC remark, 0.0010314 secs]
2021-07-04T14:40:39.634+0800: 0.527: [GC cleanup 363M->363M(512M), 0.0003837 secs]
2021-07-04T14:40:39.638+0800: 0.531: [GC pause (G1 Evacuation Pause) (young) 397M->358M(512M), 0.0015852 secs]
2021-07-04T14:40:39.641+0800: 0.535: [GC pause (G1 Evacuation Pause) (mixed) 384M->344M(512M), 0.0028958 secs]
2021-07-04T14:40:39.647+0800: 0.540: [GC pause (G1 Evacuation Pause) (mixed) 370M->348M(512M), 0.0015954 secs]
2021-07-04T14:40:39.649+0800: 0.542: [GC pause (G1 Humongous Allocation) (young) (initial-mark) 352M->349M(512M), 0.0011107 secs]
2021-07-04T14:40:39.650+0800: 0.543: [GC concurrent-root-region-scan-start]
2021-07-04T14:40:39.650+0800: 0.543: [GC concurrent-root-region-scan-end, 0.0000625 secs]
2021-07-04T14:40:39.650+0800: 0.543: [GC concurrent-mark-start]
2021-07-04T14:40:39.651+0800: 0.544: [GC concurrent-mark-end, 0.0007593 secs]
2021-07-04T14:40:39.651+0800: 0.544: [GC remark, 0.0009817 secs]
2021-07-04T14:40:39.652+0800: 0.545: [GC cleanup 360M->360M(512M), 0.0004079 secs]
2021-07-04T14:40:39.657+0800: 0.550: [GC pause (G1 Evacuation Pause) (young) 407M->366M(512M), 0.0019603 secs]
2021-07-04T14:40:39.661+0800: 0.554: [GC pause (G1 Evacuation Pause) (mixed) 389M->353M(512M), 0.0029037 secs]
2021-07-04T14:40:39.665+0800: 0.558: [GC pause (G1 Humongous Allocation) (young) (initial-mark) 358M->354M(512M), 0.0009129 secs]
2021-07-04T14:40:39.665+0800: 0.558: [GC concurrent-root-region-scan-start]
2021-07-04T14:40:39.666+0800: 0.559: [GC concurrent-root-region-scan-end, 0.0000685 secs]
2021-07-04T14:40:39.666+0800: 0.559: [GC concurrent-mark-start]
2021-07-04T14:40:39.666+0800: 0.559: [GC concurrent-mark-end, 0.0007878 secs]
2021-07-04T14:40:39.666+0800: 0.559: [GC remark, 0.0013796 secs]
2021-07-04T14:40:39.668+0800: 0.561: [GC cleanup 364M->364M(512M), 0.0003679 secs]
2021-07-04T14:40:39.671+0800: 0.564: [GC pause (G1 Evacuation Pause) (young) 403M->370M(512M), 0.0018356 secs]
2021-07-04T14:40:39.675+0800: 0.568: [GC pause (G1 Evacuation Pause) (mixed) 398M->357M(512M), 0.0028848 secs]
2021-07-04T14:40:39.679+0800: 0.572: [GC pause (G1 Humongous Allocation) (young) (initial-mark) 363M->358M(512M), 0.0008917 secs]
2021-07-04T14:40:39.680+0800: 0.573: [GC concurrent-root-region-scan-start]
2021-07-04T14:40:39.680+0800: 0.573: [GC concurrent-root-region-scan-end, 0.0000658 secs]
2021-07-04T14:40:39.680+0800: 0.573: [GC concurrent-mark-start]
2021-07-04T14:40:39.681+0800: 0.574: [GC concurrent-mark-end, 0.0007569 secs]
2021-07-04T14:40:39.681+0800: 0.574: [GC remark, 0.0010051 secs]
2021-07-04T14:40:39.682+0800: 0.575: [GC cleanup 367M->367M(512M), 0.0004194 secs]
2021-07-04T14:40:39.685+0800: 0.578: [GC pause (G1 Evacuation Pause) (young) 396M->365M(512M), 0.0015891 secs]
2021-07-04T14:40:39.688+0800: 0.581: [GC pause (G1 Evacuation Pause) (mixed) 390M->358M(512M), 0.0027067 secs]
2021-07-04T14:40:39.691+0800: 0.584: [GC pause (G1 Humongous Allocation) (young) (initial-mark) 362M->358M(512M), 0.0008738 secs]
2021-07-04T14:40:39.692+0800: 0.585: [GC concurrent-root-region-scan-start]
2021-07-04T14:40:39.692+0800: 0.585: [GC concurrent-root-region-scan-end, 0.0000651 secs]
2021-07-04T14:40:39.692+0800: 0.585: [GC concurrent-mark-start]
2021-07-04T14:40:39.693+0800: 0.586: [GC concurrent-mark-end, 0.0007506 secs]
2021-07-04T14:40:39.693+0800: 0.586: [GC remark, 0.0010072 secs]
2021-07-04T14:40:39.694+0800: 0.587: [GC cleanup 369M->369M(512M), 0.0004430 secs]
2021-07-04T14:40:39.697+0800: 0.590: [GC pause (G1 Evacuation Pause) (young) 401M->372M(512M), 0.0019140 secs]
2021-07-04T14:40:39.702+0800: 0.595: [GC pause (G1 Evacuation Pause) (mixed) 399M->368M(512M), 0.0027198 secs]
2021-07-04T14:40:39.705+0800: 0.598: [GC pause (G1 Humongous Allocation) (young) (initial-mark) 371M->368M(512M), 0.0009244 secs]
2021-07-04T14:40:39.706+0800: 0.599: [GC concurrent-root-region-scan-start]
2021-07-04T14:40:39.706+0800: 0.599: [GC concurrent-root-region-scan-end, 0.0000635 secs]
2021-07-04T14:40:39.706+0800: 0.599: [GC concurrent-mark-start]
2021-07-04T14:40:39.707+0800: 0.600: [GC concurrent-mark-end, 0.0007878 secs]
2021-07-04T14:40:39.707+0800: 0.600: [GC remark, 0.0009777 secs]
2021-07-04T14:40:39.708+0800: 0.601: [GC cleanup 380M->380M(512M), 0.0003819 secs]
2021-07-04T14:40:39.710+0800: 0.603: [GC pause (G1 Evacuation Pause) (young) 402M->382M(512M), 0.0019422 secs]
2021-07-04T14:40:39.714+0800: 0.607: [GC pause (G1 Evacuation Pause) (mixed) 407M->372M(512M), 0.0026066 secs]
2021-07-04T14:40:39.717+0800: 0.610: [GC pause (G1 Humongous Allocation) (young) (initial-mark) 374M->374M(512M), 0.0008659 secs]
2021-07-04T14:40:39.718+0800: 0.611: [GC concurrent-root-region-scan-start]
2021-07-04T14:40:39.718+0800: 0.611: [GC concurrent-root-region-scan-end, 0.0000276 secs]
2021-07-04T14:40:39.718+0800: 0.611: [GC concurrent-mark-start]
2021-07-04T14:40:39.718+0800: 0.611: [GC concurrent-mark-end, 0.0008394 secs]
2021-07-04T14:40:39.718+0800: 0.611: [GC remark, 0.0010653 secs]
2021-07-04T14:40:39.720+0800: 0.613: [GC cleanup 385M->385M(512M), 0.0004359 secs]
2021-07-04T14:40:39.722+0800: 0.615: [GC pause (G1 Evacuation Pause) (young) 403M->385M(512M), 0.0014249 secs]
2021-07-04T14:40:39.725+0800: 0.618: [GC pause (G1 Evacuation Pause) (mixed) 410M->371M(512M), 0.0027692 secs]
2021-07-04T14:40:39.728+0800: 0.621: [GC pause (G1 Humongous Allocation) (young) (initial-mark) 373M->371M(512M), 0.0009950 secs]
2021-07-04T14:40:39.729+0800: 0.622: [GC concurrent-root-region-scan-start]
2021-07-04T14:40:39.729+0800: 0.622: [GC concurrent-root-region-scan-end, 0.0000265 secs]
2021-07-04T14:40:39.729+0800: 0.622: [GC concurrent-mark-start]
2021-07-04T14:40:39.730+0800: 0.623: [GC concurrent-mark-end, 0.0008372 secs]
2021-07-04T14:40:39.730+0800: 0.623: [GC remark, 0.0010246 secs]
2021-07-04T14:40:39.731+0800: 0.625: [GC cleanup 382M->382M(512M), 0.0004268 secs]
2021-07-04T14:40:39.734+0800: 0.627: [GC pause (G1 Evacuation Pause) (young) 401M->377M(512M), 0.0012213 secs]
2021-07-04T14:40:39.737+0800: 0.630: [GC pause (G1 Evacuation Pause) (mixed) 402M->368M(512M), 0.0027590 secs]
2021-07-04T14:40:39.741+0800: 0.634: [GC pause (G1 Humongous Allocation) (young) (initial-mark) 372M->368M(512M), 0.0012496 secs]
2021-07-04T14:40:39.742+0800: 0.635: [GC concurrent-root-region-scan-start]
2021-07-04T14:40:39.742+0800: 0.635: [GC concurrent-root-region-scan-end, 0.0000679 secs]
2021-07-04T14:40:39.742+0800: 0.635: [GC concurrent-mark-start]
2021-07-04T14:40:39.743+0800: 0.636: [GC concurrent-mark-end, 0.0008069 secs]
2021-07-04T14:40:39.743+0800: 0.636: [GC remark, 0.0010302 secs]
2021-07-04T14:40:39.744+0800: 0.637: [GC cleanup 382M->382M(512M), 0.0003952 secs]
2021-07-04T14:40:39.747+0800: 0.640: [GC pause (G1 Evacuation Pause) (young) 403M->376M(512M), 0.0015831 secs]
2021-07-04T14:40:39.750+0800: 0.643: [GC pause (G1 Evacuation Pause) (mixed) 401M->370M(512M), 0.0022807 secs]
2021-07-04T14:40:39.753+0800: 0.646: [GC pause (G1 Humongous Allocation) (young) (initial-mark) 373M->371M(512M), 0.0008375 secs]
2021-07-04T14:40:39.754+0800: 0.647: [GC concurrent-root-region-scan-start]
2021-07-04T14:40:39.754+0800: 0.647: [GC concurrent-root-region-scan-end, 0.0000634 secs]
2021-07-04T14:40:39.754+0800: 0.647: [GC concurrent-mark-start]
2021-07-04T14:40:39.755+0800: 0.648: [GC concurrent-mark-end, 0.0007932 secs]
2021-07-04T14:40:39.755+0800: 0.648: [GC remark, 0.0014356 secs]
2021-07-04T14:40:39.756+0800: 0.650: [GC cleanup 385M->385M(512M), 0.0003697 secs]
2021-07-04T14:40:39.759+0800: 0.652: [GC pause (G1 Evacuation Pause) (young) 405M->383M(512M), 0.0015699 secs]
2021-07-04T14:40:39.762+0800: 0.655: [GC pause (G1 Evacuation Pause) (mixed) 410M->378M(512M), 0.0024164 secs]
2021-07-04T14:40:39.765+0800: 0.658: [GC pause (G1 Humongous Allocation) (young) (initial-mark) 380M->379M(512M), 0.0010984 secs]
2021-07-04T14:40:39.766+0800: 0.659: [GC concurrent-root-region-scan-start]
2021-07-04T14:40:39.766+0800: 0.659: [GC concurrent-root-region-scan-end, 0.0000593 secs]
2021-07-04T14:40:39.766+0800: 0.659: [GC concurrent-mark-start]
2021-07-04T14:40:39.767+0800: 0.660: [GC concurrent-mark-end, 0.0007904 secs]
2021-07-04T14:40:39.767+0800: 0.660: [GC remark, 0.0010386 secs]
2021-07-04T14:40:39.768+0800: 0.661: [GC cleanup 390M->390M(512M), 0.0003779 secs]
2021-07-04T14:40:39.770+0800: 0.663: [GC pause (G1 Evacuation Pause) (young) 412M->387M(512M), 0.0016210 secs]
2021-07-04T14:40:39.774+0800: 0.667: [GC pause (G1 Evacuation Pause) (mixed) 411M->380M(512M), 0.0031743 secs]
2021-07-04T14:40:39.778+0800: 0.671: [GC pause (G1 Humongous Allocation) (young) (initial-mark) 382M->381M(512M), 0.0009083 secs]
2021-07-04T14:40:39.779+0800: 0.672: [GC concurrent-root-region-scan-start]
2021-07-04T14:40:39.779+0800: 0.672: [GC concurrent-root-region-scan-end, 0.0000266 secs]
2021-07-04T14:40:39.779+0800: 0.672: [GC concurrent-mark-start]
2021-07-04T14:40:39.780+0800: 0.673: [GC concurrent-mark-end, 0.0008128 secs]
2021-07-04T14:40:39.780+0800: 0.673: [GC remark, 0.0011375 secs]
2021-07-04T14:40:39.781+0800: 0.674: [GC cleanup 393M->393M(512M), 0.0003750 secs]
2021-07-04T14:40:39.783+0800: 0.676: [GC pause (G1 Evacuation Pause) (young) 411M->389M(512M), 0.0015125 secs]
2021-07-04T14:40:39.787+0800: 0.680: [GC pause (G1 Evacuation Pause) (mixed)-- 414M->396M(512M), 0.0030054 secs]
2021-07-04T14:40:39.790+0800: 0.683: [GC pause (G1 Humongous Allocation) (young) (initial-mark) 399M->397M(512M), 0.0008103 secs]
2021-07-04T14:40:39.791+0800: 0.684: [GC concurrent-root-region-scan-start]
2021-07-04T14:40:39.791+0800: 0.684: [GC concurrent-root-region-scan-end, 0.0000646 secs]
2021-07-04T14:40:39.791+0800: 0.684: [GC concurrent-mark-start]
2021-07-04T14:40:39.792+0800: 0.685: [GC concurrent-mark-end, 0.0008246 secs]
2021-07-04T14:40:39.792+0800: 0.685: [GC remark, 0.0010194 secs]
2021-07-04T14:40:39.793+0800: 0.686: [GC cleanup 411M->411M(512M), 0.0004587 secs]
2021-07-04T14:40:39.795+0800: 0.688: [GC pause (G1 Evacuation Pause) (young) 426M->405M(512M), 0.0012565 secs]
2021-07-04T14:40:39.798+0800: 0.691: [GC pause (G1 Evacuation Pause) (mixed)-- 430M->417M(512M), 0.0018523 secs]
2021-07-04T14:40:39.803+0800: 0.696: [GC pause (G1 Evacuation Pause) (mixed)-- 444M->436M(512M), 0.0018471 secs]
2021-07-04T14:40:39.805+0800: 0.698: [GC pause (G1 Humongous Allocation) (young) (initial-mark) 439M->437M(512M), 0.0008638 secs]
2021-07-04T14:40:39.806+0800: 0.699: [GC concurrent-root-region-scan-start]
2021-07-04T14:40:39.806+0800: 0.699: [GC concurrent-root-region-scan-end, 0.0000914 secs]
2021-07-04T14:40:39.806+0800: 0.699: [GC concurrent-mark-start]
2021-07-04T14:40:39.807+0800: 0.700: [GC concurrent-mark-end, 0.0008566 secs]
2021-07-04T14:40:39.807+0800: 0.700: [GC remark, 0.0012748 secs]
2021-07-04T14:40:39.808+0800: 0.701: [GC cleanup 446M->446M(512M), 0.0003634 secs]
2021-07-04T14:40:39.809+0800: 0.702: [GC pause (G1 Evacuation Pause) (young)-- 450M->449M(512M), 0.0008344 secs]
2021-07-04T14:40:39.810+0800: 0.703: [GC pause (G1 Evacuation Pause) (mixed)-- 450M->450M(512M), 0.0012496 secs]
2021-07-04T14:40:39.811+0800: 0.704: [GC pause (G1 Evacuation Pause) (mixed)-- 451M->451M(512M), 0.0010816 secs]
2021-07-04T14:40:39.812+0800: 0.705: [Full GC (Allocation Failure)  451M->335M(512M), 0.0273699 secs]
2021-07-04T14:40:39.840+0800: 0.733: [GC pause (G1 Humongous Allocation) (young) (initial-mark) 338M->337M(512M), 0.0014822 secs]
2021-07-04T14:40:39.842+0800: 0.735: [GC concurrent-root-region-scan-start]
2021-07-04T14:40:39.842+0800: 0.735: [GC concurrent-root-region-scan-end, 0.0000723 secs]
2021-07-04T14:40:39.842+0800: 0.735: [GC concurrent-mark-start]
2021-07-04T14:40:39.843+0800: 0.736: [GC concurrent-mark-end, 0.0007643 secs]
2021-07-04T14:40:39.843+0800: 0.736: [GC remark, 0.0015435 secs]
2021-07-04T14:40:39.845+0800: 0.738: [GC cleanup 346M->346M(512M), 0.0004153 secs]
2021-07-04T14:40:39.847+0800: 0.740: [GC pause (G1 Evacuation Pause) (young) 366M->341M(512M), 0.0016722 secs]
2021-07-04T14:40:39.849+0800: 0.742: [GC pause (G1 Humongous Allocation) (young) (initial-mark) 346M->342M(512M), 0.0008194 secs]
2021-07-04T14:40:39.850+0800: 0.743: [GC concurrent-root-region-scan-start]
2021-07-04T14:40:39.850+0800: 0.743: [GC concurrent-root-region-scan-end, 0.0000668 secs]
2021-07-04T14:40:39.850+0800: 0.743: [GC concurrent-mark-start]
2021-07-04T14:40:39.850+0800: 0.744: [GC concurrent-mark-end, 0.0007587 secs]
2021-07-04T14:40:39.851+0800: 0.744: [GC remark, 0.0010387 secs]
2021-07-04T14:40:39.852+0800: 0.745: [GC cleanup 354M->354M(512M), 0.0003688 secs]
2021-07-04T14:40:39.854+0800: 0.747: [GC pause (G1 Evacuation Pause) (young) 377M->351M(512M), 0.0022259 secs]
2021-07-04T14:40:39.859+0800: 0.752: [GC pause (G1 Evacuation Pause) (mixed) 377M->357M(512M), 0.0013901 secs]
2021-07-04T14:40:39.861+0800: 0.754: [GC pause (G1 Humongous Allocation) (young) (initial-mark) 362M->358M(512M), 0.0009028 secs]
2021-07-04T14:40:39.862+0800: 0.755: [GC concurrent-root-region-scan-start]
2021-07-04T14:40:39.862+0800: 0.755: [GC concurrent-root-region-scan-end, 0.0000690 secs]
2021-07-04T14:40:39.862+0800: 0.755: [GC concurrent-mark-start]
2021-07-04T14:40:39.862+0800: 0.755: [GC concurrent-mark-end, 0.0007690 secs]
2021-07-04T14:40:39.862+0800: 0.755: [GC remark, 0.0010415 secs]
2021-07-04T14:40:39.864+0800: 0.757: [GC cleanup 368M->368M(512M), 0.0003526 secs]
2021-07-04T14:40:39.866+0800: 0.759: [GC pause (G1 Evacuation Pause) (young) 387M->365M(512M), 0.0013448 secs]
2021-07-04T14:40:39.869+0800: 0.762: [GC pause (G1 Evacuation Pause) (mixed)-- 394M->385M(512M), 0.0025246 secs]
2021-07-04T14:40:39.872+0800: 0.765: [GC pause (G1 Humongous Allocation) (young) (initial-mark) 386M->385M(512M), 0.0009082 secs]
2021-07-04T14:40:39.873+0800: 0.766: [GC concurrent-root-region-scan-start]
2021-07-04T14:40:39.873+0800: 0.766: [GC concurrent-root-region-scan-end, 0.0000287 secs]
2021-07-04T14:40:39.873+0800: 0.766: [GC concurrent-mark-start]
2021-07-04T14:40:39.874+0800: 0.767: [GC concurrent-mark-end, 0.0008141 secs]
2021-07-04T14:40:39.874+0800: 0.767: [GC remark, 0.0011891 secs]
2021-07-04T14:40:39.875+0800: 0.768: [GC cleanup 397M->397M(512M), 0.0003757 secs]
2021-07-04T14:40:39.877+0800: 0.770: [GC pause (G1 Evacuation Pause) (young) 414M->393M(512M), 0.0013209 secs]
2021-07-04T14:40:39.881+0800: 0.774: [GC pause (G1 Evacuation Pause) (mixed)-- 419M->413M(512M), 0.0021797 secs]
2021-07-04T14:40:39.884+0800: 0.777: [GC pause (G1 Humongous Allocation) (mixed)-- 424M->417M(512M), 0.0010436 secs]
2021-07-04T14:40:39.886+0800: 0.779: [GC pause (G1 Evacuation Pause) (young) (initial-mark)-- 426M->424M(512M), 0.0021552 secs]
2021-07-04T14:40:39.888+0800: 0.781: [GC concurrent-root-region-scan-start]
2021-07-04T14:40:39.888+0800: 0.781: [GC concurrent-root-region-scan-end, 0.0000088 secs]
2021-07-04T14:40:39.888+0800: 0.781: [GC concurrent-mark-start]
2021-07-04T14:40:39.889+0800: 0.782: [GC pause (G1 Evacuation Pause) (young)-- 427M->426M(512M), 0.0007609 secs]
2021-07-04T14:40:39.890+0800: 0.783: [GC pause (G1 Evacuation Pause) (young)-- 427M->427M(512M), 0.0007182 secs]
2021-07-04T14:40:39.891+0800: 0.784: [Full GC (Allocation Failure)  427M->339M(512M), 0.0280382 secs]
2021-07-04T14:40:39.919+0800: 0.812: [GC concurrent-mark-abort]
2021-07-04T14:40:39.920+0800: 0.813: [GC pause (G1 Humongous Allocation) (young) (initial-mark) 345M->341M(512M), 0.0018604 secs]
2021-07-04T14:40:39.922+0800: 0.815: [GC concurrent-root-region-scan-start]
2021-07-04T14:40:39.922+0800: 0.815: [GC concurrent-root-region-scan-end, 0.0000958 secs]
2021-07-04T14:40:39.922+0800: 0.815: [GC concurrent-mark-start]
2021-07-04T14:40:39.923+0800: 0.816: [GC concurrent-mark-end, 0.0008038 secs]
2021-07-04T14:40:39.923+0800: 0.816: [GC remark, 0.0013391 secs]
2021-07-04T14:40:39.924+0800: 0.817: [GC cleanup 351M->351M(512M), 0.0003440 secs]
2021-07-04T14:40:39.926+0800: 0.819: [GC pause (G1 Evacuation Pause) (young) 371M->349M(512M), 0.0014743 secs]
2021-07-04T14:40:39.928+0800: 0.821: [GC pause (G1 Humongous Allocation) (young) (initial-mark) 350M->349M(512M), 0.0008097 secs]
2021-07-04T14:40:39.929+0800: 0.822: [GC concurrent-root-region-scan-start]
2021-07-04T14:40:39.929+0800: 0.822: [GC concurrent-root-region-scan-end, 0.0000728 secs]
2021-07-04T14:40:39.929+0800: 0.822: [GC concurrent-mark-start]
2021-07-04T14:40:39.930+0800: 0.823: [GC concurrent-mark-end, 0.0007727 secs]
2021-07-04T14:40:39.930+0800: 0.823: [GC remark, 0.0010881 secs]
2021-07-04T14:40:39.931+0800: 0.824: [GC cleanup 357M->357M(512M), 0.0003189 secs]
2021-07-04T14:40:39.933+0800: 0.826: [GC pause (G1 Evacuation Pause) (young) 380M->357M(512M), 0.0013425 secs]
2021-07-04T14:40:39.937+0800: 0.830: [GC pause (G1 Evacuation Pause) (mixed) 382M->360M(512M), 0.0015083 secs]
2021-07-04T14:40:39.939+0800: 0.832: [GC pause (G1 Humongous Allocation) (young) (initial-mark) 363M->359M(512M), 0.0011287 secs]
2021-07-04T14:40:39.940+0800: 0.833: [GC concurrent-root-region-scan-start]
2021-07-04T14:40:39.940+0800: 0.833: [GC concurrent-root-region-scan-end, 0.0000653 secs]
2021-07-04T14:40:39.940+0800: 0.833: [GC concurrent-mark-start]
2021-07-04T14:40:39.941+0800: 0.834: [GC concurrent-mark-end, 0.0007963 secs]
2021-07-04T14:40:39.941+0800: 0.834: [GC remark, 0.0010903 secs]
2021-07-04T14:40:39.942+0800: 0.835: [GC cleanup 370M->370M(512M), 0.0003448 secs]
2021-07-04T14:40:39.944+0800: 0.837: [GC pause (G1 Evacuation Pause) (young) 388M->365M(512M), 0.0012207 secs]
2021-07-04T14:40:39.948+0800: 0.841: [GC pause (G1 Evacuation Pause) (mixed) 393M->367M(512M), 0.0028316 secs]
2021-07-04T14:40:39.951+0800: 0.844: [GC pause (G1 Humongous Allocation) (young) (initial-mark) 368M->366M(512M), 0.0008330 secs]
2021-07-04T14:40:39.952+0800: 0.845: [GC concurrent-root-region-scan-start]
2021-07-04T14:40:39.952+0800: 0.845: [GC concurrent-root-region-scan-end, 0.0000635 secs]
2021-07-04T14:40:39.952+0800: 0.845: [GC concurrent-mark-start]
2021-07-04T14:40:39.952+0800: 0.845: [GC concurrent-mark-end, 0.0008037 secs]
2021-07-04T14:40:39.953+0800: 0.846: [GC remark, 0.0010796 secs]
2021-07-04T14:40:39.954+0800: 0.847: [GC cleanup 377M->377M(512M), 0.0002914 secs]
2021-07-04T14:40:39.956+0800: 0.849: [GC pause (G1 Evacuation Pause) (young) 395M->374M(512M), 0.0013957 secs]
2021-07-04T14:40:39.959+0800: 0.852: [GC pause (G1 Evacuation Pause) (mixed) 397M->373M(512M), 0.0022085 secs]
2021-07-04T14:40:39.962+0800: 0.855: [GC pause (G1 Humongous Allocation) (young) (initial-mark) 376M->373M(512M), 0.0008259 secs]
2021-07-04T14:40:39.963+0800: 0.856: [GC concurrent-root-region-scan-start]
2021-07-04T14:40:39.963+0800: 0.856: [GC concurrent-root-region-scan-end, 0.0000668 secs]
2021-07-04T14:40:39.963+0800: 0.856: [GC concurrent-mark-start]
2021-07-04T14:40:39.963+0800: 0.857: [GC concurrent-mark-end, 0.0008081 secs]
2021-07-04T14:40:39.964+0800: 0.857: [GC remark, 0.0012298 secs]
2021-07-04T14:40:39.965+0800: 0.858: [GC cleanup 386M->386M(512M), 0.0003475 secs]
2021-07-04T14:40:39.967+0800: 0.860: [GC pause (G1 Evacuation Pause) (young) 405M->380M(512M), 0.0014473 secs]
2021-07-04T14:40:39.971+0800: 0.864: [GC pause (G1 Evacuation Pause) (mixed)-- 409M->409M(512M), 0.0022816 secs]
2021-07-04T14:40:39.973+0800: 0.866: [GC pause (G1 Humongous Allocation) (young) (initial-mark) 410M->408M(512M), 0.0011229 secs]
2021-07-04T14:40:39.974+0800: 0.867: [GC concurrent-root-region-scan-start]
2021-07-04T14:40:39.974+0800: 0.867: [GC concurrent-root-region-scan-end, 0.0000082 secs]
2021-07-04T14:40:39.974+0800: 0.867: [GC concurrent-mark-start]
2021-07-04T14:40:39.975+0800: 0.868: [GC concurrent-mark-end, 0.0008562 secs]
2021-07-04T14:40:39.975+0800: 0.868: [GC remark, 0.0011014 secs]
2021-07-04T14:40:39.977+0800: 0.870: [GC cleanup 421M->421M(512M), 0.0003330 secs]
2021-07-04T14:40:39.978+0800: 0.871: [GC pause (G1 Humongous Allocation) (young)-- 431M->426M(512M), 0.0010297 secs]
2021-07-04T14:40:39.980+0800: 0.873: [GC pause (G1 Evacuation Pause) (mixed)-- 434M->432M(512M), 0.0008560 secs]
2021-07-04T14:40:39.981+0800: 0.874: [GC pause (G1 Evacuation Pause) (mixed)-- 434M->434M(512M), 0.0007847 secs]
2021-07-04T14:40:39.982+0800: 0.875: [Full GC (Allocation Failure)  434M->344M(512M), 0.0273021 secs]
2021-07-04T14:40:40.009+0800: 0.903: [GC pause (G1 Humongous Allocation) (young) (initial-mark) 344M->344M(512M), 0.0012601 secs]
2021-07-04T14:40:40.011+0800: 0.904: [GC concurrent-root-region-scan-start]
2021-07-04T14:40:40.011+0800: 0.904: [GC concurrent-root-region-scan-end, 0.0001366 secs]
2021-07-04T14:40:40.011+0800: 0.904: [GC concurrent-mark-start]
2021-07-04T14:40:40.012+0800: 0.905: [GC concurrent-mark-end, 0.0007510 secs]
2021-07-04T14:40:40.012+0800: 0.905: [GC remark, 0.0013198 secs]
2021-07-04T14:40:40.013+0800: 0.906: [GC cleanup 354M->354M(512M), 0.0006390 secs]
2021-07-04T14:40:40.016+0800: 0.909: [GC pause (G1 Evacuation Pause) (young) 376M->355M(512M), 0.0015149 secs]
2021-07-04T14:40:40.018+0800: 0.911: [GC pause (G1 Humongous Allocation) (young) (initial-mark) 359M->356M(512M), 0.0009901 secs]
2021-07-04T14:40:40.019+0800: 0.912: [GC concurrent-root-region-scan-start]
2021-07-04T14:40:40.019+0800: 0.912: [GC concurrent-root-region-scan-end, 0.0000646 secs]
2021-07-04T14:40:40.019+0800: 0.912: [GC concurrent-mark-start]
2021-07-04T14:40:40.019+0800: 0.912: [GC concurrent-mark-end, 0.0007696 secs]
2021-07-04T14:40:40.020+0800: 0.913: [GC remark, 0.0011066 secs]
2021-07-04T14:40:40.021+0800: 0.914: [GC cleanup 367M->367M(512M), 0.0003577 secs]
2021-07-04T14:40:40.023+0800: 0.916: [GC pause (G1 Evacuation Pause) (young) 385M->365M(512M), 0.0013363 secs]
2021-07-04T14:40:40.026+0800: 0.919: [GC pause (G1 Evacuation Pause) (mixed) 392M->375M(512M), 0.0015087 secs]
2021-07-04T14:40:40.028+0800: 0.921: [GC pause (G1 Humongous Allocation) (young) (initial-mark) 375M->375M(512M), 0.0010016 secs]
2021-07-04T14:40:40.029+0800: 0.922: [GC concurrent-root-region-scan-start]
2021-07-04T14:40:40.029+0800: 0.922: [GC concurrent-root-region-scan-end, 0.0000274 secs]
2021-07-04T14:40:40.029+0800: 0.922: [GC concurrent-mark-start]
2021-07-04T14:40:40.029+0800: 0.922: [GC concurrent-mark-end, 0.0007809 secs]
2021-07-04T14:40:40.030+0800: 0.923: [GC remark, 0.0010868 secs]
2021-07-04T14:40:40.031+0800: 0.924: [GC cleanup 385M->385M(512M), 0.0003291 secs]
2021-07-04T14:40:40.033+0800: 0.926: [GC pause (G1 Evacuation Pause) (young) 405M->381M(512M), 0.0012858 secs]
2021-07-04T14:40:40.036+0800: 0.929: [GC pause (G1 Evacuation Pause) (mixed)-- 405M->403M(512M), 0.0015812 secs]
2021-07-04T14:40:40.038+0800: 0.931: [GC pause (G1 Humongous Allocation) (young) (initial-mark) 405M->403M(512M), 0.0008387 secs]
2021-07-04T14:40:40.039+0800: 0.932: [GC concurrent-root-region-scan-start]
2021-07-04T14:40:40.039+0800: 0.932: [GC concurrent-root-region-scan-end, 0.0000657 secs]
2021-07-04T14:40:40.039+0800: 0.932: [GC concurrent-mark-start]
2021-07-04T14:40:40.040+0800: 0.933: [GC concurrent-mark-end, 0.0008281 secs]
2021-07-04T14:40:40.040+0800: 0.933: [GC remark, 0.0010858 secs]
2021-07-04T14:40:40.041+0800: 0.934: [GC cleanup 415M->415M(512M), 0.0003613 secs]
2021-07-04T14:40:40.042+0800: 0.935: [GC pause (G1 Humongous Allocation) (young)-- 420M->415M(512M), 0.0009050 secs]
2021-07-04T14:40:40.044+0800: 0.937: [GC pause (G1 Evacuation Pause) (mixed)-- 422M->418M(512M), 0.0009691 secs]
2021-07-04T14:40:40.045+0800: 0.938: [GC pause (G1 Evacuation Pause) (mixed)-- 422M->422M(512M), 0.0010461 secs]
2021-07-04T14:40:40.046+0800: 0.939: [GC pause (G1 Evacuation Pause) (young)-- 423M->423M(512M), 0.0006474 secs]
2021-07-04T14:40:40.047+0800: 0.940: [Full GC (Allocation Failure)  423M->349M(512M), 0.0287247 secs]
2021-07-04T14:40:40.076+0800: 0.969: [GC pause (G1 Humongous Allocation) (young) (initial-mark) 351M->349M(512M), 0.0019086 secs]
2021-07-04T14:40:40.078+0800: 0.971: [GC concurrent-root-region-scan-start]
2021-07-04T14:40:40.078+0800: 0.971: [GC concurrent-root-region-scan-end, 0.0001463 secs]
2021-07-04T14:40:40.078+0800: 0.971: [GC concurrent-mark-start]
2021-07-04T14:40:40.079+0800: 0.972: [GC concurrent-mark-end, 0.0007635 secs]
2021-07-04T14:40:40.079+0800: 0.972: [GC remark, 0.0011802 secs]
2021-07-04T14:40:40.081+0800: 0.974: [GC cleanup 360M->360M(512M), 0.0003747 secs]
2021-07-04T14:40:40.083+0800: 0.976: [GC pause (G1 Evacuation Pause) (young) 377M->357M(512M), 0.0012052 secs]
2021-07-04T14:40:40.084+0800: 0.977: [GC pause (G1 Humongous Allocation) (young) (initial-mark) 357M->356M(512M), 0.0007823 secs]
2021-07-04T14:40:40.085+0800: 0.978: [GC concurrent-root-region-scan-start]
2021-07-04T14:40:40.085+0800: 0.978: [GC concurrent-root-region-scan-end, 0.0000264 secs]
2021-07-04T14:40:40.085+0800: 0.978: [GC concurrent-mark-start]
2021-07-04T14:40:40.086+0800: 0.979: [GC concurrent-mark-end, 0.0007988 secs]
2021-07-04T14:40:40.086+0800: 0.979: [GC remark, 0.0012083 secs]
2021-07-04T14:40:40.087+0800: 0.980: [GC cleanup 365M->365M(512M), 0.0003708 secs]
2021-07-04T14:40:40.089+0800: 0.982: [GC pause (G1 Evacuation Pause) (young) 387M->363M(512M), 0.0011176 secs]
2021-07-04T14:40:40.093+0800: 0.986: [GC pause (G1 Evacuation Pause) (mixed) 389M->364M(512M), 0.0016046 secs]
2021-07-04T14:40:40.095+0800: 0.988: [GC pause (G1 Humongous Allocation) (young) (initial-mark) 365M->364M(512M), 0.0007531 secs]
2021-07-04T14:40:40.096+0800: 0.989: [GC concurrent-root-region-scan-start]
2021-07-04T14:40:40.096+0800: 0.989: [GC concurrent-root-region-scan-end, 0.0000071 secs]
2021-07-04T14:40:40.096+0800: 0.989: [GC concurrent-mark-start]
2021-07-04T14:40:40.096+0800: 0.989: [GC concurrent-mark-end, 0.0007947 secs]
2021-07-04T14:40:40.096+0800: 0.989: [GC remark, 0.0012272 secs]
2021-07-04T14:40:40.098+0800: 0.991: [GC cleanup 375M->375M(512M), 0.0003502 secs]
2021-07-04T14:40:40.100+0800: 0.993: [GC pause (G1 Evacuation Pause) (young) 397M->375M(512M), 0.0015812 secs]
2021-07-04T14:40:40.104+0800: 0.997: [GC pause (G1 Evacuation Pause) (mixed)-- 402M->392M(512M), 0.0016711 secs]
2021-07-04T14:40:40.106+0800: 0.999: [GC pause (G1 Humongous Allocation) (young) (initial-mark) 395M->393M(512M), 0.0013235 secs]
2021-07-04T14:40:40.107+0800: 1.000: [GC concurrent-root-region-scan-start]
2021-07-04T14:40:40.107+0800: 1.000: [GC concurrent-root-region-scan-end, 0.0000702 secs]
2021-07-04T14:40:40.107+0800: 1.000: [GC concurrent-mark-start]
2021-07-04T14:40:40.108+0800: 1.001: [GC concurrent-mark-end, 0.0008398 secs]
2021-07-04T14:40:40.108+0800: 1.001: [GC remark, 0.0010657 secs]
2021-07-04T14:40:40.109+0800: 1.002: [GC cleanup 406M->406M(512M), 0.0003165 secs]
2021-07-04T14:40:40.111+0800: 1.004: [GC pause (G1 Evacuation Pause) (young)-- 416M->408M(512M), 0.0011856 secs]
2021-07-04T14:40:40.113+0800: 1.006: [GC pause (G1 Evacuation Pause) (mixed)-- 418M->414M(512M), 0.0011689 secs]
2021-07-04T14:40:40.115+0800: 1.008: [GC pause (G1 Evacuation Pause) (mixed)-- 421M->419M(512M), 0.0007611 secs]
2021-07-04T14:40:40.116+0800: 1.009: [GC pause (G1 Evacuation Pause) (young)-- 422M->422M(512M), 0.0006081 secs]
2021-07-04T14:40:40.116+0800: 1.009: [Full GC (Allocation Failure)  422M->344M(512M), 0.0273964 secs]
2021-07-04T14:40:40.144+0800: 1.037: [GC pause (G1 Humongous Allocation) (young) (initial-mark) 345M->345M(512M), 0.0012646 secs]
2021-07-04T14:40:40.145+0800: 1.038: [GC concurrent-root-region-scan-start]
2021-07-04T14:40:40.145+0800: 1.038: [GC concurrent-root-region-scan-end, 0.0000544 secs]
2021-07-04T14:40:40.145+0800: 1.038: [GC concurrent-mark-start]
2021-07-04T14:40:40.146+0800: 1.039: [GC concurrent-mark-end, 0.0008344 secs]
2021-07-04T14:40:40.146+0800: 1.039: [GC remark, 0.0014510 secs]
2021-07-04T14:40:40.148+0800: 1.041: [GC cleanup 358M->358M(512M), 0.0003693 secs]
2021-07-04T14:40:40.150+0800: 1.043: [GC pause (G1 Evacuation Pause) (young) 376M->354M(512M), 0.0014044 secs]
2021-07-04T14:40:40.151+0800: 1.044: [GC pause (G1 Humongous Allocation) (young) (initial-mark) 355M->355M(512M), 0.0008436 secs]
2021-07-04T14:40:40.152+0800: 1.045: [GC concurrent-root-region-scan-start]
2021-07-04T14:40:40.152+0800: 1.045: [GC concurrent-root-region-scan-end, 0.0000280 secs]
2021-07-04T14:40:40.152+0800: 1.045: [GC concurrent-mark-start]
2021-07-04T14:40:40.153+0800: 1.046: [GC concurrent-mark-end, 0.0008172 secs]
2021-07-04T14:40:40.153+0800: 1.046: [GC remark, 0.0010759 secs]
2021-07-04T14:40:40.154+0800: 1.047: [GC cleanup 366M->366M(512M), 0.0004053 secs]
2021-07-04T14:40:40.156+0800: 1.049: [GC pause (G1 Evacuation Pause) (young) 386M->362M(512M), 0.0013930 secs]
2021-07-04T14:40:40.160+0800: 1.053: [GC pause (G1 Evacuation Pause) (mixed) 386M->369M(512M), 0.0016319 secs]
2021-07-04T14:40:40.162+0800: 1.055: [GC pause (G1 Humongous Allocation) (young) (initial-mark) 370M->369M(512M), 0.0013373 secs]
2021-07-04T14:40:40.163+0800: 1.056: [GC concurrent-root-region-scan-start]
2021-07-04T14:40:40.163+0800: 1.056: [GC concurrent-root-region-scan-end, 0.0000651 secs]
2021-07-04T14:40:40.163+0800: 1.056: [GC concurrent-mark-start]
2021-07-04T14:40:40.164+0800: 1.057: [GC concurrent-mark-end, 0.0008105 secs]
2021-07-04T14:40:40.164+0800: 1.057: [GC remark, 0.0010420 secs]
2021-07-04T14:40:40.165+0800: 1.058: [GC cleanup 381M->381M(512M), 0.0004290 secs]
2021-07-04T14:40:40.167+0800: 1.061: [GC pause (G1 Evacuation Pause) (young) 399M->374M(512M), 0.0013014 secs]
2021-07-04T14:40:40.171+0800: 1.064: [GC pause (G1 Evacuation Pause) (mixed)-- 403M->402M(512M), 0.0019648 secs]
2021-07-04T14:40:40.173+0800: 1.067: [GC pause (G1 Humongous Allocation) (young) (initial-mark) 403M->403M(512M), 0.0010709 secs]
2021-07-04T14:40:40.175+0800: 1.068: [GC concurrent-root-region-scan-start]
2021-07-04T14:40:40.175+0800: 1.068: [GC concurrent-root-region-scan-end, 0.0000906 secs]
2021-07-04T14:40:40.175+0800: 1.068: [GC concurrent-mark-start]
2021-07-04T14:40:40.176+0800: 1.069: [GC concurrent-mark-end, 0.0012526 secs]
2021-07-04T14:40:40.176+0800: 1.069: [GC remark, 0.0011618 secs]
2021-07-04T14:40:40.177+0800: 1.070: [GC cleanup 404M->404M(512M), 0.0004104 secs]
