OpenJDK 64-Bit Server VM (25.292-b10) for bsd-amd64 JRE (1.8.0_292-b10), built on Apr 20 2021 21:55:04 by "jenkins" with gcc 4.2.1 Compatible Apple LLVM 10.0.1 (clang-1001.0.46.4)
Memory: 4k page, physical 33554432k(1799412k free)

/proc/meminfo:

CommandLine flags: -XX:InitialHeapSize=536870912 -XX:MaxHeapSize=536870912 -XX:+PrintGC -XX:+PrintGCDateStamps -XX:+PrintGCDetails -XX:+PrintGCTimeStamps -XX:+UseCompressedClassPointers -XX:+UseCompressedOops -XX:+UseSerialGC 
2021-07-04T10:56:50.111+0800: 0.145: [GC (Allocation Failure) 2021-07-04T10:56:50.111+0800: 0.145: [DefNew: 139776K->17472K(157248K), 0.0238436 secs] 139776K->47608K(506816K), 0.0239720 secs] [Times: user=0.01 sys=0.01, real=0.02 secs] 
2021-07-04T10:56:50.150+0800: 0.184: [GC (Allocation Failure) 2021-07-04T10:56:50.150+0800: 0.184: [DefNew: 157248K->17470K(157248K), 0.0299377 secs] 187384K->92602K(506816K), 0.0300806 secs] [Times: user=0.02 sys=0.01, real=0.03 secs] 
2021-07-04T10:56:50.193+0800: 0.226: [GC (Allocation Failure) 2021-07-04T10:56:50.193+0800: 0.226: [DefNew: 157246K->17471K(157248K), 0.0239021 secs] 232378K->140598K(506816K), 0.0239949 secs] [Times: user=0.02 sys=0.01, real=0.02 secs] 
2021-07-04T10:56:50.229+0800: 0.263: [GC (Allocation Failure) 2021-07-04T10:56:50.229+0800: 0.263: [DefNew: 157247K->17470K(157248K), 0.0223339 secs] 280374K->184880K(506816K), 0.0224301 secs] [Times: user=0.02 sys=0.01, real=0.03 secs] 
2021-07-04T10:56:50.263+0800: 0.297: [GC (Allocation Failure) 2021-07-04T10:56:50.263+0800: 0.297: [DefNew: 156944K->17471K(157248K), 0.0235645 secs] 324353K->231848K(506816K), 0.0236561 secs] [Times: user=0.01 sys=0.01, real=0.02 secs] 
2021-07-04T10:56:50.300+0800: 0.334: [GC (Allocation Failure) 2021-07-04T10:56:50.300+0800: 0.334: [DefNew: 157247K->17471K(157248K), 0.0227839 secs] 371624K->277836K(506816K), 0.0228744 secs] [Times: user=0.01 sys=0.01, real=0.02 secs] 
2021-07-04T10:56:50.333+0800: 0.367: [GC (Allocation Failure) 2021-07-04T10:56:50.334+0800: 0.367: [DefNew: 157247K->17471K(157248K), 0.0223061 secs] 417612K->322233K(506816K), 0.0223992 secs] [Times: user=0.02 sys=0.01, real=0.02 secs] 
2021-07-04T10:56:50.368+0800: 0.401: [GC (Allocation Failure) 2021-07-04T10:56:50.368+0800: 0.401: [DefNew: 157142K->157142K(157248K), 0.0000162 secs]2021-07-04T10:56:50.368+0800: 0.401: [Tenured: 304762K->271791K(349568K), 0.0288744 secs] 461904K->271791K(506816K), [Metaspace: 3245K->3245K(1056768K)], 0.0290050 secs] [Times: user=0.03 sys=0.00, real=0.03 secs] 
2021-07-04T10:56:50.409+0800: 0.443: [GC (Allocation Failure) 2021-07-04T10:56:50.409+0800: 0.443: [DefNew: 139776K->17472K(157248K), 0.0042969 secs] 411567K->319780K(506816K), 0.0043937 secs] [Times: user=0.01 sys=0.00, real=0.01 secs] 
2021-07-04T10:56:50.425+0800: 0.459: [GC (Allocation Failure) 2021-07-04T10:56:50.425+0800: 0.459: [DefNew: 157248K->157248K(157248K), 0.0000163 secs]2021-07-04T10:56:50.425+0800: 0.459: [Tenured: 302308K->294613K(349568K), 0.0282213 secs] 459556K->294613K(506816K), [Metaspace: 3246K->3246K(1056768K)], 0.0283524 secs] [Times: user=0.03 sys=0.00, real=0.03 secs] 
2021-07-04T10:56:50.465+0800: 0.499: [GC (Allocation Failure) 2021-07-04T10:56:50.465+0800: 0.499: [DefNew: 139624K->17471K(157248K), 0.0129328 secs] 434238K->344365K(506816K), 0.0130092 secs] [Times: user=0.00 sys=0.00, real=0.01 secs] 
2021-07-04T10:56:50.489+0800: 0.523: [GC (Allocation Failure) 2021-07-04T10:56:50.489+0800: 0.523: [DefNew: 156981K->156981K(157248K), 0.0000158 secs]2021-07-04T10:56:50.489+0800: 0.523: [Tenured: 326894K->318863K(349568K), 0.0318980 secs] 483875K->318863K(506816K), [Metaspace: 3246K->3246K(1056768K)], 0.0320793 secs] [Times: user=0.03 sys=0.00, real=0.04 secs] 
2021-07-04T10:56:50.532+0800: 0.566: [GC (Allocation Failure) 2021-07-04T10:56:50.532+0800: 0.566: [DefNew: 139776K->139776K(157248K), 0.0000160 secs]2021-07-04T10:56:50.532+0800: 0.566: [Tenured: 318863K->310821K(349568K), 0.0335998 secs] 458639K->310821K(506816K), [Metaspace: 3246K->3246K(1056768K)], 0.0337305 secs] [Times: user=0.03 sys=0.00, real=0.03 secs] 
2021-07-04T10:56:50.578+0800: 0.612: [GC (Allocation Failure) 2021-07-04T10:56:50.578+0800: 0.612: [DefNew: 139776K->17471K(157248K), 0.0087400 secs] 450597K->355059K(506816K), 0.0088426 secs] [Times: user=0.01 sys=0.01, real=0.01 secs] 
2021-07-04T10:56:50.598+0800: 0.632: [GC (Allocation Failure) 2021-07-04T10:56:50.598+0800: 0.632: [DefNew: 157147K->157147K(157248K), 0.0000177 secs]2021-07-04T10:56:50.598+0800: 0.632: [Tenured: 337588K->341039K(349568K), 0.0291167 secs] 494735K->341039K(506816K), [Metaspace: 3246K->3246K(1056768K)], 0.0292475 secs] [Times: user=0.03 sys=0.00, real=0.03 secs] 
2021-07-04T10:56:50.639+0800: 0.673: [GC (Allocation Failure) 2021-07-04T10:56:50.639+0800: 0.673: [DefNew: 139776K->139776K(157248K), 0.0000135 secs]2021-07-04T10:56:50.639+0800: 0.673: [Tenured: 341039K->349536K(349568K), 0.0335112 secs] 480815K->351348K(506816K), [Metaspace: 3246K->3246K(1056768K)], 0.0336098 secs] [Times: user=0.03 sys=0.00, real=0.04 secs] 
2021-07-04T10:56:50.685+0800: 0.719: [Full GC (Allocation Failure) 2021-07-04T10:56:50.685+0800: 0.719: [Tenured: 349536K->349471K(349568K), 0.0315990 secs] 506778K->353259K(506816K), [Metaspace: 3246K->3246K(1056768K)], 0.0316829 secs] [Times: user=0.03 sys=0.00, real=0.03 secs] 
2021-07-04T10:56:50.730+0800: 0.763: [Full GC (Allocation Failure) 2021-07-04T10:56:50.730+0800: 0.763: [Tenured: 349471K->336361K(349568K), 0.0354355 secs] 506693K->336361K(506816K), [Metaspace: 3246K->3246K(1056768K)], 0.0355181 secs] [Times: user=0.04 sys=0.00, real=0.03 secs] 
2021-07-04T10:56:50.777+0800: 0.811: [GC (Allocation Failure) 2021-07-04T10:56:50.777+0800: 0.811: [DefNew: 139432K->139432K(157248K), 0.0000137 secs]2021-07-04T10:56:50.777+0800: 0.811: [Tenured: 336361K->349471K(349568K), 0.0223844 secs] 475794K->355804K(506816K), [Metaspace: 3246K->3246K(1056768K)], 0.0224877 secs] [Times: user=0.02 sys=0.00, real=0.03 secs] 
2021-07-04T10:56:50.813+0800: 0.847: [Full GC (Allocation Failure) 2021-07-04T10:56:50.813+0800: 0.847: [Tenured: 349471K->349310K(349568K), 0.0289948 secs] 506622K->357620K(506816K), [Metaspace: 3246K->3246K(1056768K)], 0.0290846 secs] [Times: user=0.03 sys=0.00, real=0.03 secs] 
2021-07-04T10:56:50.855+0800: 0.889: [Full GC (Allocation Failure) 2021-07-04T10:56:50.855+0800: 0.889: [Tenured: 349310K->349545K(349568K), 0.0326672 secs] 505890K->363812K(506816K), [Metaspace: 3246K->3246K(1056768K)], 0.0327871 secs] [Times: user=0.04 sys=0.00, real=0.03 secs] 
2021-07-04T10:56:50.899+0800: 0.933: [Full GC (Allocation Failure) 2021-07-04T10:56:50.899+0800: 0.933: [Tenured: 349545K->348868K(349568K), 0.0356021 secs] 506778K->350756K(506816K), [Metaspace: 3246K->3246K(1056768K)], 0.0356901 secs] [Times: user=0.03 sys=0.00, real=0.04 secs] 
2021-07-04T10:56:50.949+0800: 0.983: [Full GC (Allocation Failure) 2021-07-04T10:56:50.949+0800: 0.983: [Tenured: 349506K->349014K(349568K), 0.0234375 secs] 506718K->368444K(506816K), [Metaspace: 3246K->3246K(1056768K)], 0.0235285 secs] [Times: user=0.02 sys=0.00, real=0.03 secs] 
2021-07-04T10:56:50.984+0800: 1.018: [Full GC (Allocation Failure) 2021-07-04T10:56:50.984+0800: 1.018: [Tenured: 349525K->349526K(349568K), 0.0308031 secs] 506342K->363762K(506816K), [Metaspace: 3246K->3246K(1056768K)], 0.0308896 secs] [Times: user=0.03 sys=0.00, real=0.03 secs] 
2021-07-04T10:56:51.027+0800: 1.061: [Full GC (Allocation Failure) 2021-07-04T10:56:51.027+0800: 1.061: [Tenured: 349526K->349505K(349568K), 0.0324825 secs] 506405K->370797K(506816K), [Metaspace: 3246K->3246K(1056768K)], 0.0325733 secs] [Times: user=0.03 sys=0.00, real=0.03 secs] 
Heap
 def new generation   total 157248K, used 27240K [0x00000007a0000000, 0x00000007aaaa0000, 0x00000007aaaa0000)
  eden space 139776K,  19% used [0x00000007a0000000, 0x00000007a1a9a040, 0x00000007a8880000)
  from space 17472K,   0% used [0x00000007a8880000, 0x00000007a8880000, 0x00000007a9990000)
  to   space 17472K,   0% used [0x00000007a9990000, 0x00000007a9990000, 0x00000007aaaa0000)
 tenured generation   total 349568K, used 349505K [0x00000007aaaa0000, 0x00000007c0000000, 0x00000007c0000000)
   the space 349568K,  99% used [0x00000007aaaa0000, 0x00000007bfff0560, 0x00000007bfff0600, 0x00000007c0000000)
 Metaspace       used 3253K, capacity 4490K, committed 4864K, reserved 1056768K
  class space    used 352K, capacity 386K, committed 512K, reserved 1048576K
